Archive member included to satisfy reference by file (symbol)

C:/ST/STM32CubeIDE_1.19.0/STM32CubeIDE/plugins/com.st.stm32cube.ide.mcu.externaltools.gnu-tools-for-stm32.13.3.rel1.win32_1.0.0.202411081344/tools/bin/../lib/gcc/arm-none-eabi/13.3.1/../../../../arm-none-eabi/lib/thumb/v8-m.main+dp/hard\libc_nano.a(libc_a-exit.o)
                              C:/ST/STM32CubeIDE_1.19.0/STM32CubeIDE/plugins/com.st.stm32cube.ide.mcu.externaltools.gnu-tools-for-stm32.13.3.rel1.win32_1.0.0.202411081344/tools/bin/../lib/gcc/arm-none-eabi/13.3.1/../../../../arm-none-eabi/lib/thumb/v8-m.main+dp/hard/crt0.o (exit)
C:/ST/STM32CubeIDE_1.19.0/STM32CubeIDE/plugins/com.st.stm32cube.ide.mcu.externaltools.gnu-tools-for-stm32.13.3.rel1.win32_1.0.0.202411081344/tools/bin/../lib/gcc/arm-none-eabi/13.3.1/../../../../arm-none-eabi/lib/thumb/v8-m.main+dp/hard\libc_nano.a(libc_a-findfp.o)
                              C:/ST/STM32CubeIDE_1.19.0/STM32CubeIDE/plugins/com.st.stm32cube.ide.mcu.externaltools.gnu-tools-for-stm32.13.3.rel1.win32_1.0.0.202411081344/tools/bin/../lib/gcc/arm-none-eabi/13.3.1/../../../../arm-none-eabi/lib/thumb/v8-m.main+dp/hard\libc_nano.a(libc_a-exit.o) (__stdio_exit_handler)
C:/ST/STM32CubeIDE_1.19.0/STM32CubeIDE/plugins/com.st.stm32cube.ide.mcu.externaltools.gnu-tools-for-stm32.13.3.rel1.win32_1.0.0.202411081344/tools/bin/../lib/gcc/arm-none-eabi/13.3.1/../../../../arm-none-eabi/lib/thumb/v8-m.main+dp/hard\libc_nano.a(libc_a-fwalk.o)
                              C:/ST/STM32CubeIDE_1.19.0/STM32CubeIDE/plugins/com.st.stm32cube.ide.mcu.externaltools.gnu-tools-for-stm32.13.3.rel1.win32_1.0.0.202411081344/tools/bin/../lib/gcc/arm-none-eabi/13.3.1/../../../../arm-none-eabi/lib/thumb/v8-m.main+dp/hard\libc_nano.a(libc_a-findfp.o) (_fwalk_sglue)
C:/ST/STM32CubeIDE_1.19.0/STM32CubeIDE/plugins/com.st.stm32cube.ide.mcu.externaltools.gnu-tools-for-stm32.13.3.rel1.win32_1.0.0.202411081344/tools/bin/../lib/gcc/arm-none-eabi/13.3.1/../../../../arm-none-eabi/lib/thumb/v8-m.main+dp/hard\libc_nano.a(libc_a-stdio.o)
                              C:/ST/STM32CubeIDE_1.19.0/STM32CubeIDE/plugins/com.st.stm32cube.ide.mcu.externaltools.gnu-tools-for-stm32.13.3.rel1.win32_1.0.0.202411081344/tools/bin/../lib/gcc/arm-none-eabi/13.3.1/../../../../arm-none-eabi/lib/thumb/v8-m.main+dp/hard\libc_nano.a(libc_a-findfp.o) (__sread)
C:/ST/STM32CubeIDE_1.19.0/STM32CubeIDE/plugins/com.st.stm32cube.ide.mcu.externaltools.gnu-tools-for-stm32.13.3.rel1.win32_1.0.0.202411081344/tools/bin/../lib/gcc/arm-none-eabi/13.3.1/../../../../arm-none-eabi/lib/thumb/v8-m.main+dp/hard\libc_nano.a(libc_a-memset.o)
                              C:/ST/STM32CubeIDE_1.19.0/STM32CubeIDE/plugins/com.st.stm32cube.ide.mcu.externaltools.gnu-tools-for-stm32.13.3.rel1.win32_1.0.0.202411081344/tools/bin/../lib/gcc/arm-none-eabi/13.3.1/../../../../arm-none-eabi/lib/thumb/v8-m.main+dp/hard/crt0.o (memset)
C:/ST/STM32CubeIDE_1.19.0/STM32CubeIDE/plugins/com.st.stm32cube.ide.mcu.externaltools.gnu-tools-for-stm32.13.3.rel1.win32_1.0.0.202411081344/tools/bin/../lib/gcc/arm-none-eabi/13.3.1/../../../../arm-none-eabi/lib/thumb/v8-m.main+dp/hard\libc_nano.a(libc_a-closer.o)
                              C:/ST/STM32CubeIDE_1.19.0/STM32CubeIDE/plugins/com.st.stm32cube.ide.mcu.externaltools.gnu-tools-for-stm32.13.3.rel1.win32_1.0.0.202411081344/tools/bin/../lib/gcc/arm-none-eabi/13.3.1/../../../../arm-none-eabi/lib/thumb/v8-m.main+dp/hard\libc_nano.a(libc_a-stdio.o) (_close_r)
C:/ST/STM32CubeIDE_1.19.0/STM32CubeIDE/plugins/com.st.stm32cube.ide.mcu.externaltools.gnu-tools-for-stm32.13.3.rel1.win32_1.0.0.202411081344/tools/bin/../lib/gcc/arm-none-eabi/13.3.1/../../../../arm-none-eabi/lib/thumb/v8-m.main+dp/hard\libc_nano.a(libc_a-reent.o)
                              C:/ST/STM32CubeIDE_1.19.0/STM32CubeIDE/plugins/com.st.stm32cube.ide.mcu.externaltools.gnu-tools-for-stm32.13.3.rel1.win32_1.0.0.202411081344/tools/bin/../lib/gcc/arm-none-eabi/13.3.1/../../../../arm-none-eabi/lib/thumb/v8-m.main+dp/hard\libc_nano.a(libc_a-closer.o) (errno)
C:/ST/STM32CubeIDE_1.19.0/STM32CubeIDE/plugins/com.st.stm32cube.ide.mcu.externaltools.gnu-tools-for-stm32.13.3.rel1.win32_1.0.0.202411081344/tools/bin/../lib/gcc/arm-none-eabi/13.3.1/../../../../arm-none-eabi/lib/thumb/v8-m.main+dp/hard\libc_nano.a(libc_a-impure.o)
                              C:/ST/STM32CubeIDE_1.19.0/STM32CubeIDE/plugins/com.st.stm32cube.ide.mcu.externaltools.gnu-tools-for-stm32.13.3.rel1.win32_1.0.0.202411081344/tools/bin/../lib/gcc/arm-none-eabi/13.3.1/../../../../arm-none-eabi/lib/thumb/v8-m.main+dp/hard\libc_nano.a(libc_a-reent.o) (_impure_ptr)
C:/ST/STM32CubeIDE_1.19.0/STM32CubeIDE/plugins/com.st.stm32cube.ide.mcu.externaltools.gnu-tools-for-stm32.13.3.rel1.win32_1.0.0.202411081344/tools/bin/../lib/gcc/arm-none-eabi/13.3.1/../../../../arm-none-eabi/lib/thumb/v8-m.main+dp/hard\libc_nano.a(libc_a-lseekr.o)
[...]
Memory Configuration

Name             Origin             Length             Attributes
ROM              0x34180400         0x0003fc00         xrw
RAM              0x341c0000         0x00040000         xrw
*default*        0x00000000         0xffffffff

Linker script and memory map

LOAD C:/ST/STM32CubeIDE_1.19.0/STM32CubeIDE/plugins/com.st.stm32cube.ide.mcu.externaltools.gnu-tools-for-stm32.13.3.rel1.win32_1.0.0.202411081344/tools/bin/../lib/gcc/arm-none-eabi/13.3.1/thumb/v8-m.main+dp/hard/crti.o
LOAD C:/ST/STM32CubeIDE_1.19.0/STM32CubeIDE/plugins/com.st.stm32cube.ide.mcu.externaltools.gnu-tools-for-stm32.13.3.rel1.win32_1.0.0.202411081344/tools/bin/../lib/gcc/arm-none-eabi/13.3.1/thumb/v8-m.main+dp/hard/crtbegin.o
LOAD C:/ST/STM32CubeIDE_1.19.0/STM32CubeIDE/plugins/com.st.stm32cube.ide.mcu.externaltools.gnu-tools-for-stm32.13.3.rel1.win32_1.0.0.202411081344/tools/bin/../lib/gcc/arm-none-eabi/13.3.1/../../../../arm-none-eabi/lib/thumb/v8-m.main+dp/hard/crt0.o
LOAD ./Core/Src/main.o
LOAD ./Core/Src/stm32n6xx_hal_msp.o
LOAD ./Core/Src/stm32n6xx_it.o
LOAD ./Core/Src/syscalls.o
LOAD ./Core/Src/sysmem.o
LOAD ./Core/Src/system_stm32n6xx_fsbl.o
LOAD ./Core/Startup/startup_stm32n657x0hxq_fsbl.o
LOAD ./Drivers/STM32N6xx_HAL_Driver/stm32n6xx_hal.o
LOAD ./Drivers/STM32N6xx_HAL_Driver/stm32n6xx_hal_adc.o
LOAD ./Drivers/STM32N6xx_HAL_Driver/stm32n6xx_hal_adc_ex.o
LOAD ./Drivers/STM32N6xx_HAL_Driver/stm32n6xx_hal_cortex.o
LOAD ./Drivers/STM32N6xx_HAL_Driver/stm32n6xx_hal_dma.o
LOAD ./Drivers/STM32N6xx_HAL_Driver/stm32n6xx_hal_dma_ex.o
LOAD ./Drivers/STM32N6xx_HAL_Driver/stm32n6xx_hal_exti.o
LOAD ./Drivers/STM32N6xx_HAL_Driver/stm32n6xx_hal_gpio.o
LOAD ./Drivers/STM32N6xx_HAL_Driver/stm32n6xx_hal_hcd.o
LOAD ./Drivers/STM32N6xx_HAL_Driver/stm32n6xx_hal_i2c.o
LOAD ./Drivers/STM32N6xx_HAL_Driver/stm32n6xx_hal_i2c_ex.o
LOAD ./Drivers/STM32N6xx_HAL_Driver/stm32n6xx_hal_icache.o
LOAD ./Drivers/STM32N6xx_HAL_Driver/stm32n6xx_hal_mdf.o
LOAD ./Drivers/STM32N6xx_HAL_Driver/stm32n6xx_hal_mmc.o
LOAD ./Drivers/STM32N6xx_HAL_Driver/stm32n6xx_hal_mmc_ex.o
LOAD ./Drivers/STM32N6xx_HAL_Driver/stm32n6xx_hal_pwr.o
LOAD ./Drivers/STM32N6xx_HAL_Driver/stm32n6xx_hal_pwr_ex.o
LOAD ./Drivers/STM32N6xx_HAL_Driver/stm32n6xx_hal_rcc.o
LOAD ./Drivers/STM32N6xx_HAL_Driver/stm32n6xx_hal_rcc_ex.o
LOAD ./Drivers/STM32N6xx_HAL_Driver/stm32n6xx_hal_sai.o
LOAD ./Drivers/STM32N6xx_HAL_Driver/stm32n6xx_hal_sai_ex.o
LOAD ./Drivers/STM32N6xx_HAL_Driver/stm32n6xx_hal_sd.o
LOAD ./Drivers/STM32N6xx_HAL_Driver/stm32n6xx_hal_sd_ex.o
LOAD ./Drivers/STM32N6xx_HAL_Driver/stm32n6xx_hal_sdio.o
LOAD ./Drivers/STM32N6xx_HAL_Driver/stm32n6xx_hal_uart.o
LOAD ./Drivers/STM32N6xx_HAL_Driver/stm32n6xx_hal_uart_ex.o
LOAD ./Drivers/STM32N6xx_HAL_Driver/stm32n6xx_hal_xspi.o
LOAD ./Drivers/STM32N6xx_HAL_Driver/stm32n6xx_ll_dma.o
LOAD ./Drivers/STM32N6xx_HAL_Driver/stm32n6xx_ll_exti.o
LOAD ./Drivers/STM32N6xx_HAL_Driver/stm32n6xx_ll_gpio.o
LOAD ./Drivers/STM32N6xx_HAL_Driver/stm32n6xx_ll_rcc.o
LOAD ./Drivers/STM32N6xx_HAL_Driver/stm32n6xx_ll_sdmmc.o
LOAD ./Drivers/STM32N6xx_HAL_Driver/stm32n6xx_ll_ucpd.o
LOAD ./Drivers/STM32N6xx_HAL_Driver/stm32n6xx_ll_usb.o
LOAD ./Drivers/STM32N6xx_HAL_Driver/stm32n6xx_ll_utils.o
START GROUP
LOAD C:/ST/STM32CubeIDE_1.19.0/STM32CubeIDE/plugins/com.st.stm32cube.ide.mcu.externaltools.gnu-tools-for-stm32.13.3.rel1.win32_1.0.0.202411081344/tools/bin/../lib/gcc/arm-none-eabi/13.3.1/../../../../arm-none-eabi/lib/thumb/v8-m.main+dp/hard\libc_nano.a
LOAD C:/ST/STM32CubeIDE_1.19.0/STM32CubeIDE/plugins/com.st.stm32cube.ide.mcu.externaltools.gnu-tools-for-stm32.13.3.rel1.win32_1.0.0.202411081344/tools/bin/../lib/gcc/arm-none-eabi/13.3.1/../../../../arm-none-eabi/lib/thumb/v8-m.main+dp/hard\libm.a
END GROUP
START GROUP
LOAD C:/ST/STM32CubeIDE_1.19.0/STM32CubeIDE/plugins/com.st.stm32cube.ide.mcu.externaltools.gnu-tools-for-stm32.13.3.rel1.win32_1.0.0.202411081344/tools/bin/../lib/gcc/arm-none-eabi/13.3.1/thumb/v8-m.main+dp/hard\libgcc.a
LOAD C:/ST/STM32CubeIDE_1.19.0/STM32CubeIDE/plugins/com.st.stm32cube.ide.mcu.externaltools.gnu-tools-for-stm32.13.3.rel1.win32_1.0.0.202411081344/tools/bin/../lib/gcc/arm-none-eabi/13.3.1/../../../../arm-none-eabi/lib/thumb/v8-m.main+dp/hard\libc_nano.a
END GROUP
START GROUP
LOAD C:/ST/STM32CubeIDE_1.19.0/STM32CubeIDE/plugins/com.st.stm32cube.ide.mcu.externaltools.gnu-tools-for-stm32.13.3.rel1.win32_1.0.0.202411081344/tools/bin/../lib/gcc/arm-none-eabi/13.3.1/thumb/v8-m.main+dp/hard\libgcc.a
LOAD C:/ST/STM32CubeIDE_1.19.0/STM32CubeIDE/plugins/com.st.stm32cube.ide.mcu.externaltools.gnu-tools-for-stm32.13.3.rel1.win32_1.0.0.202411081344/tools/bin/../lib/gcc/arm-none-eabi/13.3.1/../../../../arm-none-eabi/lib/thumb/v8-m.main+dp/hard\libc_nano.a
LOAD C:/ST/STM32CubeIDE_1.19.0/STM32CubeIDE/plugins/com.st.stm32cube.ide.mcu.externaltools.gnu-tools-for-stm32.13.3.rel1.win32_1.0.0.202411081344/tools/bin/../lib/gcc/arm-none-eabi/13.3.1/../../../../arm-none-eabi/lib/thumb/v8-m.main+dp/hard\libnosys.a
END GROUP
START GROUP
LOAD C:/ST/STM32CubeIDE_1.19.0/STM32CubeIDE/plugins/com.st.stm32cube.ide.mcu.externaltools.gnu-tools-for-stm32.13.3.rel1.win32_1.0.0.202411081344/tools/bin/../lib/gcc/arm-none-eabi/13.3.1/thumb/v8-m.main+dp/hard\libgcc.a
LOAD C:/ST/STM32CubeIDE_1.19.0/STM32CubeIDE/plugins/com.st.stm32cube.ide.mcu.externaltools.gnu-tools-for-stm32.13.3.rel1.win32_1.0.0.202411081344/tools/bin/../lib/gcc/arm-none-eabi/13.3.1/../../../../arm-none-eabi/lib/thumb/v8-m.main+dp/hard\libc_nano.a
LOAD C:/ST/STM32CubeIDE_1.19.0/STM32CubeIDE/plugins/com.st.stm32cube.ide.mcu.externaltools.gnu-tools-for-stm32.13.3.rel1.win32_1.0.0.202411081344/tools/bin/../lib/gcc/arm-none-eabi/13.3.1/../../../../arm-none-eabi/lib/thumb/v8-m.main+dp/hard\libnosys.a
END GROUP
LOAD C:/ST/STM32CubeIDE_1.19.0/STM32CubeIDE/plugins/com.st.stm32cube.ide.mcu.externaltools.gnu-tools-for-stm32.13.3.rel1.win32_1.0.0.202411081344/tools/bin/../lib/gcc/arm-none-eabi/13.3.1/thumb/v8-m.main+dp/hard/crtend.o
LOAD C:/ST/STM32CubeIDE_1.19.0/STM32CubeIDE/plugins/com.st.stm32cube.ide.mcu.externaltools.gnu-tools-for-stm32.13.3.rel1.win32_1.0.0.202411081344/tools/bin/../lib/gcc/arm-none-eabi/13.3.1/thumb/v8-m.main+dp/hard/crtn.o
                0x34200000                        _estack = (ORIGIN (RAM) + LENGTH (RAM))
                0x341ff800                        _sstack = (_estack - _Min_Stack_Size)
                0x00000200                        _Min_Heap_Size = 0x200
                0x00000800                        _Min_Stack_Size = 0x800

.isr_vector     0x34180400      0x34c
                0x34180400                        . = ALIGN (0x4)
 *(.isr_vector)
 .isr_vector    0x34180400      0x34c ./Core/Startup/startup_stm32n657x0hxq_fsbl.o
                0x34180400                g_pfnVectors
                0x3418074c                        . = ALIGN (0x4)

.text           0x3418074c    0x11468
                0x3418074c                        . = ALIGN (0x4)
 *(.text)
 .text          0x3418074c       0x40 C:/ST/STM32CubeIDE_1.19.0/STM32CubeIDE/plugins/com.st.stm32cube.ide.mcu.externaltools.gnu-tools-for-stm32.13.3.rel1.win32_1.0.0.202411081344/tools/bin/../lib/gcc/arm-none-eabi/13.3.1/thumb/v8-m.main+dp/hard/crtbegin.o
 .text          0x3418078c       0x30 C:/ST/STM32CubeIDE_1.19.0/STM32CubeIDE/plugins/com.st.stm32cube.ide.mcu.externaltools.gnu-tools-for-stm32.13.3.rel1.win32_1.0.0.202411081344/tools/bin/../lib/gcc/arm-none-eabi/13.3.1/thumb/v8-m.main+dp/hard\libgcc.a(_aeabi_uldivmod.o)
                0x3418078c                __aeabi_uldivmod
 .text          0x341807bc      0x348 C:/ST/STM32CubeIDE_1.19.0/STM32CubeIDE/plugins/com.st.stm32cube.ide.mcu.externaltools.gnu-tools-for-stm32.13.3.rel1.win32_1.0.0.202411081344/tools/bin/../lib/gcc/arm-none-eabi/13.3.1/thumb/v8-m.main+dp/hard\libgcc.a(_udivmoddi4.o)
                0x341807bc                __udivmoddi4
 .text          0x34180b04        0x4 C:/ST/STM32CubeIDE_1.19.0/STM32CubeIDE/plugins/com.st.stm32cube.ide.mcu.externaltools.gnu-tools-for-stm32.13.3.rel1.win32_1.0.0.202411081344/tools/bin/../lib/gcc/arm-none-eabi/13.3.1/thumb/v8-m.main+dp/hard\libgcc.a(_dvmd_tls.o)
                0x34180b04                __aeabi_idiv0
                0x34180b04                __aeabi_ldiv0
 *(.text*)
 .text.LL_AHB4_GRP1_EnableClock
                0x34180b08       0x2c ./Core/Src/main.o
 .text.LL_APB1_GRP2_EnableClock
                0x34180b34       0x2c ./Core/Src/main.o
 .text.main     0x34180b60       0x4c ./Core/Src/main.o
                0x34180b60                main
 .text.SystemClock_Config
                0x34180bac      0x14c ./Core/Src/main.o
                0x34180bac                SystemClock_Config
 .text.PeriphCommonClock_Config
                0x34180cf8       0x5a ./Core/Src/main.o
                0x34180cf8                PeriphCommonClock_Config
 *fill*         0x34180d52        0x2 
 .text.MX_ADC1_Init
                0x34180d54      0x110 ./Core/Src/main.o
 .text.MX_I2C1_Init
                0x34180e64       0x80 ./Core/Src/main.o
 .text.MX_I2C2_Init
                0x34180ee4       0x80 ./Core/Src/main.o
 .text.MX_ICACHE_Init
                0x34180f64       0x26 ./Core/Src/main.o
 *fill*         0x34180f8a        0x2 
 .text.MX_MDF1_Init
                0x34180f8c       0xb0 ./Core/Src/main.o
 .text.MX_SAI1_Init
                0x3418103c      0x14c ./Core/Src/main.o
 .text.MX_SDMMC2_SD_Init
                0x34181188       0x48 ./Core/Src/main.o
 .text.MX_UCPD1_Init
                0x341811d0       0x10 ./Core/Src/main.o
 .text.MX_USART1_UART_Init
                0x341811e0       0x98 ./Core/Src/main.o
 .text.MX_USB1_OTG_HS_USB_Init
                0x34181278        0xe ./Core/Src/main.o
 *fill*         0x34181286        0x2 
 .text.MX_USB2_OTG_HS_HCD_Init
                0x34181288       0x5c ./Core/Src/main.o
 .text.MX_XSPI1_Init
                0x341812e4       0xb4 ./Core/Src/main.o
 .text.MX_XSPI2_Init
                0x34181398       0xb4 ./Core/Src/main.o
 .text.MX_GPIO_Init
                0x3418144c      0x160 ./Core/Src/main.o
 .text.Error_Handler
                0x341815ac        0xc ./Core/Src/main.o
                0x341815ac                Error_Handler
 .text.LL_AHB1_GRP1_EnableClock
                0x341815b8       0x2c ./Core/Src/stm32n6xx_hal_msp.o
 .text.LL_AHB2_GRP1_EnableClock
                0x341815e4       0x2c ./Core/Src/stm32n6xx_hal_msp.o
 .text.LL_AHB4_GRP1_EnableClock
                0x34181610       0x2c ./Core/Src/stm32n6xx_hal_msp.o
 .text.LL_AHB5_GRP1_EnableClock
                0x3418163c       0x2c ./Core/Src/stm32n6xx_hal_msp.o
 .text.LL_APB1_GRP1_EnableClock
                0x34181668       0x2c ./Core/Src/stm32n6xx_hal_msp.o
 .text.LL_APB2_GRP1_EnableClock
                0x34181694       0x2c ./Core/Src/stm32n6xx_hal_msp.o
 .text.HAL_MspInit
                0x341816c0       0x18 ./Core/Src/stm32n6xx_hal_msp.o
                0x341816c0                HAL_MspInit
 .text.HAL_ADC_MspInit
                0x341816d8       0xcc ./Core/Src/stm32n6xx_hal_msp.o
                0x341816d8                HAL_ADC_MspInit
 .text.HAL_I2C_MspInit
                0x341817a4      0x194 ./Core/Src/stm32n6xx_hal_msp.o
                0x341817a4                HAL_I2C_MspInit
 .text.HAL_MDF_MspInit
                0x34181938      0x138 ./Core/Src/stm32n6xx_hal_msp.o
                0x34181938                HAL_MDF_MspInit
 .text.HAL_SD_MspInit
                0x34181a70      0x128 ./Core/Src/stm32n6xx_hal_msp.o
                0x34181a70                HAL_SD_MspInit
 .text.HAL_UART_MspInit
                0x34181b98       0xcc ./Core/Src/stm32n6xx_hal_msp.o
                0x34181b98                HAL_UART_MspInit
 .text.HAL_HCD_MspInit
                0x34181c64       0x94 ./Core/Src/stm32n6xx_hal_msp.o
                0x34181c64                HAL_HCD_MspInit
 .text.HAL_XSPI_MspInit
                0x34181cf8      0x1e0 ./Core/Src/stm32n6xx_hal_msp.o
                0x34181cf8                HAL_XSPI_MspInit
 .text.HAL_SAI_MspInit
                0x34181ed8      0x190 ./Core/Src/stm32n6xx_hal_msp.o
                0x34181ed8                HAL_SAI_MspInit
 .text.NMI_Handler
                0x34182068        0x8 ./Core/Src/stm32n6xx_it.o
                0x34182068                NMI_Handler
 .text.HardFault_Handler
                0x34182070        0x8 ./Core/Src/stm32n6xx_it.o
                0x34182070                HardFault_Handler
 .text.MemManage_Handler
                0x34182078        0x8 ./Core/Src/stm32n6xx_it.o
                0x34182078                MemManage_Handler
 .text.BusFault_Handler
                0x34182080        0x8 ./Core/Src/stm32n6xx_it.o
                0x34182080                BusFault_Handler
 .text.UsageFault_Handler
                0x34182088        0x8 ./Core/Src/stm32n6xx_it.o
                0x34182088                UsageFault_Handler
 .text.SecureFault_Handler
                0x34182090        0x8 ./Core/Src/stm32n6xx_it.o
                0x34182090                SecureFault_Handler
 .text.SVC_Handler
                0x34182098        0xe ./Core/Src/stm32n6xx_it.o
                0x34182098                SVC_Handler
 .text.DebugMon_Handler
                0x341820a6        0xe ./Core/Src/stm32n6xx_it.o
                0x341820a6                DebugMon_Handler
 .text.PendSV_Handler
                0x341820b4        0xe ./Core/Src/stm32n6xx_it.o
                0x341820b4                PendSV_Handler
 .text.SysTick_Handler
                0x341820c2        0xc ./Core/Src/stm32n6xx_it.o
                0x341820c2                SysTick_Handler
 *fill*         0x341820ce        0x2 
 .text.XSPI1_IRQHandler
                0x341820d0       0x14 ./Core/Src/stm32n6xx_it.o
                0x341820d0                XSPI1_IRQHandler
 .text.SystemInit
                0x341820e4      0x1cc ./Core/Src/system_stm32n6xx_fsbl.o
                0x341820e4                SystemInit
 .text.SystemCoreClockUpdate
                0x341822b0      0x350 ./Core/Src/system_stm32n6xx_fsbl.o
                0x341822b0                SystemCoreClockUpdate
 .text.SECURE_SystemCoreClockUpdate
                0x34182600       0x2c ./Core/Src/system_stm32n6xx_fsbl.o
                0x34182600                __acle_se_SECURE_SystemCoreClockUpdate
 .text.Reset_Handler
                0x3418262c       0x5c ./Core/Startup/startup_stm32n657x0hxq_fsbl.o
                0x3418262c                Reset_Handler
 .text.Default_Handler
                0x34182688        0x2 ./Core/Startup/startup_stm32n657x0hxq_fsbl.o
                0x34182688                HPDMA1_Channel13_IRQHandler
                0x34182688                EXTI2_IRQHandler
                0x34182688                MCE2_IRQHandler
                0x34182688                TIM8_CC_IRQHandler
                0x34182688                USB2_OTG_HS_IRQHandler
                0x34182688                SAI1_A_IRQHandler
                0x34182688                EXTI5_IRQHandler
                0x34182688                I3C1_ER_IRQHandler
                0x34182688                UART8_IRQHandler
                0x34182688                CTI_INT0_IRQHandler
                0x34182688                SPI4_IRQHandler
                0x34182688                LTDC_LO_IRQHandler
                0x34182688                NPU2_IRQHandler
                0x34182688                FDCAN3_IT0_IRQHandler
                0x34182688                EXTI13_IRQHandler
                0x34182688                TIM1_CC_IRQHandler
                0x34182688                TIM10_IRQHandler
                0x34182688                JPEG_IRQHandler
                0x34182688                TAMP_IRQHandler
                0x34182688                CACHE_ECC_IRQHandler
                0x34182688                TIM6_IRQHandler
                0x34182688                CSI_IRQHandler
                0x34182688                EXTI12_IRQHandler
                0x34182688                GFXTIM_IRQHandler
                0x34182688                EXTI3_IRQHandler
                0x34182688                LPTIM4_IRQHandler
                0x34182688                GPDMA1_Channel5_IRQHandler
                0x34182688                EXTI8_IRQHandler
                0x34182688                LPTIM2_IRQHandler
                0x34182688                GFXMMU_IRQHandler
                0x34182688                LTDC_LO_ERR_IRQHandler
                0x34182688                I2C3_ER_IRQHandler
                0x34182688                RIFSC_TAMPER_IRQHandler
                0x34182688                USART10_IRQHandler
                0x34182688                MDF1_FLT2_IRQHandler
                0x34182688                LPTIM3_IRQHandler
                0x34182688                SAI2_A_IRQHandler
                0x34182688                EXTI0_IRQHandler
                0x34182688                HPDMA1_Channel9_IRQHandler
                0x34182688                I2C2_EV_IRQHandler
                0x34182688                GPU2D_IRQHandler
                0x34182688                FPU_IRQHandler
                0x34182688                GPDMA1_Channel3_IRQHandler
                0x34182688                GPDMA1_Channel7_IRQHandler
                0x34182688                MDF1_FLT4_IRQHandler
                0x34182688                FDCAN1_IT1_IRQHandler
                0x34182688                HPDMA1_Channel3_IRQHandler
                0x34182688                ADC1_2_IRQHandler
                0x34182688                GPDMA1_Channel9_IRQHandler
                0x34182688                SPI1_IRQHandler
                0x34182688                CACHEAXI_IRQHandler
                0x34182688                SAI1_B_IRQHandler
                0x34182688                GPDMA1_Channel2_IRQHandler
                0x34182688                PAHB_ERR_IRQHandler
                0x34182688                TIM8_UP_IRQHandler
                0x34182688                RCC_S_IRQHandler
                0x34182688                MDF1_FLT1_IRQHandler
                0x34182688                LTDC_UP_IRQHandler
                0x34182688                LOCKUP_IRQHandler
                0x34182688                PKA_IRQHandler
                0x34182688                USART6_IRQHandler
                0x34182688                HPDMA1_Channel2_IRQHandler
                0x34182688                MDF1_FLT5_IRQHandler
                0x34182688                MCE4_IRQHandler
                0x34182688                I3C2_ER_IRQHandler
                0x34182688                EXTI15_IRQHandler
                0x34182688                TIM17_IRQHandler
                0x34182688                USART3_IRQHandler
                0x34182688                HPDMA1_Channel6_IRQHandler
                0x34182688                CRYP_IRQHandler
                0x34182688                RTC_IRQHandler
                0x34182688                XSPI2_IRQHandler
                0x34182688                EXTI9_IRQHandler
                0x34182688                IAC_IRQHandler
                0x34182688                HPDMA1_Channel0_IRQHandler
                0x34182688                LPTIM5_IRQHandler
                0x34182688                HPDMA1_Channel1_IRQHandler
                0x34182688                UART5_IRQHandler
                0x34182688                TIM4_IRQHandler
                0x34182688                NPU3_IRQHandler
                0x34182688                I3C2_EV_IRQHandler
                0x34182688                I2C1_EV_IRQHandler
                0x34182688                FDCAN_CU_IRQHandler
                0x34182688                GPDMA1_Channel12_IRQHandler
                0x34182688                HPDMA1_Channel7_IRQHandler
                0x34182688                GPDMA1_Channel1_IRQHandler
                0x34182688                TIM16_IRQHandler
                0x34182688                GPDMA1_Channel15_IRQHandler
                0x34182688                UART4_IRQHandler
                0x34182688                TCM_ECC_IRQHandler
                0x34182688                TIM3_IRQHandler
                0x34182688                RCC_IRQHandler
                0x34182688                UART9_IRQHandler
                0x34182688                NPU1_IRQHandler
                0x34182688                SAI2_B_IRQHandler
                0x34182688                Default_Handler
                0x34182688                GPDMA1_Channel8_IRQHandler
                0x34182688                HPDMA1_Channel8_IRQHandler
                0x34182688                TIM18_IRQHandler
                0x34182688                TIM14_IRQHandler
                0x34182688                TIM13_IRQHandler
                0x34182688                CTI_INT1_IRQHandler
                0x34182688                GPDMA1_Channel11_IRQHandler
                0x34182688                GPU2D_ER_IRQHandler
                0x34182688                SPI5_IRQHandler
                0x34182688                TIM12_IRQHandler
                0x34182688                TIM7_IRQHandler
                0x34182688                FDCAN3_IT1_IRQHandler
                0x34182688                HPDMA1_Channel10_IRQHandler
                0x34182688                SDMMC1_IRQHandler
                0x34182688                SAES_IRQHandler
                0x34182688                TIM5_IRQHandler
                0x34182688                UCPD1_IRQHandler
                0x34182688                GPDMA1_Channel0_IRQHandler
                0x34182688                I3C1_EV_IRQHandler
                0x34182688                HPDMA1_Channel5_IRQHandler
                0x34182688                TIM15_IRQHandler
                0x34182688                I2C3_EV_IRQHandler
                0x34182688                HPDMA1_Channel4_IRQHandler
                0x34182688                HPDMA1_Channel15_IRQHandler
                0x34182688                TIM9_IRQHandler
                0x34182688                ETH1_IRQHandler
                0x34182688                USB1_OTG_HS_IRQHandler
                0x34182688                PVD_PVM_IRQHandler
                0x34182688                SPI2_IRQHandler
                0x34182688                TIM1_TRG_CCU_IRQHandler
                0x34182688                HPDMA1_Channel11_IRQHandler
                0x34182688                EXTI14_IRQHandler
                0x34182688                EXTI11_IRQHandler
                0x34182688                VENC_IRQHandler
                0x34182688                GPDMA1_Channel14_IRQHandler
                0x34182688                EXTI4_IRQHandler
                0x34182688                RTC_S_IRQHandler
                0x34182688                GPDMA1_Channel13_IRQHandler
                0x34182688                RNG_IRQHandler
                0x34182688                XSPI3_IRQHandler
                0x34182688                FDCAN2_IT1_IRQHandler
                0x34182688                TIM1_UP_IRQHandler
                0x34182688                NPU0_IRQHandler
                0x34182688                BCK_ECC_IRQHandler
                0x34182688                WWDG_IRQHandler
                0x34182688                SPI6_IRQHandler
                0x34182688                MDIOS_IRQHandler
                0x34182688                I2C4_EV_IRQHandler
                0x34182688                FDCAN2_IT0_IRQHandler
                0x34182688                IWDG_IRQHandler
                0x34182688                HPDMA1_Channel14_IRQHandler
                0x34182688                LPUART1_IRQHandler
                0x34182688                FDCAN1_IT0_IRQHandler
                0x34182688                MDF1_FLT0_IRQHandler
                0x34182688                TIM2_IRQHandler
                0x34182688                MCE3_IRQHandler
                0x34182688                GPDMA1_Channel4_IRQHandler
                0x34182688                EXTI7_IRQHandler
                0x34182688                DMA2D_IRQHandler
                0x34182688                TIM1_BRK_IRQHandler
                0x34182688                EXTI1_IRQHandler
                0x34182688                SDMMC2_IRQHandler
                0x34182688                TIM11_IRQHandler
                0x34182688                LTDC_UP_ERR_IRQHandler
                0x34182688                UART7_IRQHandler
                0x34182688                DTS_IRQHandler
                0x34182688                MDF1_FLT3_IRQHandler
                0x34182688                USART2_IRQHandler
                0x34182688                GPDMA1_Channel6_IRQHandler
                0x34182688                ADF1_FLT0_IRQHandler
                0x34182688                I2C2_ER_IRQHandler
                0x34182688                MCE1_IRQHandler
                0x34182688                SPDIFRX_IRQHandler
                0x34182688                TIM8_BRK_IRQHandler
                0x34182688                HPDMA1_Channel12_IRQHandler
                0x34182688                USART1_IRQHandler
                0x34182688                EXTI10_IRQHandler
                0x34182688                SPI3_IRQHandler
                0x34182688                WAKEUP_PIN_IRQHandler
                0x34182688                DCMIPP_IRQHandler
                0x34182688                I2C1_ER_IRQHandler
                0x34182688                FMC_IRQHandler
                0x34182688                EXTI6_IRQHandler
                0x34182688                LPTIM1_IRQHandler
                0x34182688                DCMI_PSSI_IRQHandler
                0x34182688                TIM8_TRG_CCU_IRQHandler
                0x34182688                I2C4_ER_IRQHandler
                0x34182688                GPDMA1_Channel10_IRQHandler
                0x34182688                ICACHE_IRQHandler
                0x34182688                HASH_IRQHandler
 .text.HAL_Init
                0x3418268a       0x28 ./Drivers/STM32N6xx_HAL_Driver/stm32n6xx_hal.o
                0x3418268a                HAL_Init
 *fill*         0x341826b2        0x2 
 .text.HAL_InitTick
                0x341826b4       0x6c ./Drivers/STM32N6xx_HAL_Driver/stm32n6xx_hal.o
                0x341826b4                HAL_InitTick
 .text.HAL_IncTick
                0x34182720       0x28 ./Drivers/STM32N6xx_HAL_Driver/stm32n6xx_hal.o
                0x34182720                HAL_IncTick
 .text.HAL_GetTick
                0x34182748       0x18 ./Drivers/STM32N6xx_HAL_Driver/stm32n6xx_hal.o
                0x34182748                HAL_GetTick
 .text.HAL_Delay
                0x34182760       0x48 ./Drivers/STM32N6xx_HAL_Driver/stm32n6xx_hal.o
                0x34182760                HAL_Delay
 .text.LL_ADC_SetCommonPathInternalCh
                0x341827a8       0x26 ./Drivers/STM32N6xx_HAL_Driver/stm32n6xx_hal_adc.o
 .text.LL_ADC_GetCommonPathInternalCh
                0x341827ce       0x1c ./Drivers/STM32N6xx_HAL_Driver/stm32n6xx_hal_adc.o
 .text.LL_ADC_SetPathInternalCh
                0x341827ea       0x2c ./Drivers/STM32N6xx_HAL_Driver/stm32n6xx_hal_adc.o
 .text.LL_ADC_GetPathInternalCh
                0x34182816       0x20 ./Drivers/STM32N6xx_HAL_Driver/stm32n6xx_hal_adc.o
 .text.LL_ADC_GetResolution
                0x34182836       0x1c ./Drivers/STM32N6xx_HAL_Driver/stm32n6xx_hal_adc.o
 .text.LL_ADC_SetOffsetChannel
                0x34182852       0x38 ./Drivers/STM32N6xx_HAL_Driver/stm32n6xx_hal_adc.o
 .text.LL_ADC_GetOffsetChannel
                0x3418288a       0x2e ./Drivers/STM32N6xx_HAL_Driver/stm32n6xx_hal_adc.o
 .text.LL_ADC_SetOffsetLevel
                0x341828b8       0x36 ./Drivers/STM32N6xx_HAL_Driver/stm32n6xx_hal_adc.o
 .text.LL_ADC_SetOffsetSign
                0x341828ee       0x36 ./Drivers/STM32N6xx_HAL_Driver/stm32n6xx_hal_adc.o
 .text.LL_ADC_SetOffsetSignedSaturation
                0x34182924       0x36 ./Drivers/STM32N6xx_HAL_Driver/stm32n6xx_hal_adc.o
 .text.LL_ADC_SetOffsetUnsignedSaturation
                0x3418295a       0x36 ./Drivers/STM32N6xx_HAL_Driver/stm32n6xx_hal_adc.o
 .text.LL_ADC_SetGainCompensation
                0x34182990       0x46 ./Drivers/STM32N6xx_HAL_Driver/stm32n6xx_hal_adc.o
 .text.LL_ADC_REG_SetSequencerRanks
                0x341829d6       0x56 ./Drivers/STM32N6xx_HAL_Driver/stm32n6xx_hal_adc.o
 .text.LL_ADC_SetChannelPreselection
                0x34182a2c       0x2e ./Drivers/STM32N6xx_HAL_Driver/stm32n6xx_hal_adc.o
 *fill*         0x34182a5a        0x2 
 .text.LL_ADC_SetChannelSamplingTime
                0x34182a5c      0x18c ./Drivers/STM32N6xx_HAL_Driver/stm32n6xx_hal_adc.o
 .text.LL_ADC_SetChannelSingleDiff
                0x34182be8      0x178 ./Drivers/STM32N6xx_HAL_Driver/stm32n6xx_hal_adc.o
 .text.LL_ADC_SetAnalogWDMonitChannels
                0x34182d60       0x5a ./Drivers/STM32N6xx_HAL_Driver/stm32n6xx_hal_adc.o
 *fill*         0x34182dba        0x2 
 .text.LL_ADC_SetAnalogWDThresholds
                0x34182dbc       0x60 ./Drivers/STM32N6xx_HAL_Driver/stm32n6xx_hal_adc.o
 .text.LL_ADC_SetAWDFilteringConfiguration
                0x34182e1c       0x2c ./Drivers/STM32N6xx_HAL_Driver/stm32n6xx_hal_adc.o
 .text.LL_ADC_DisableDeepPowerDown
                0x34182e48       0x24 ./Drivers/STM32N6xx_HAL_Driver/stm32n6xx_hal_adc.o
 .text.LL_ADC_IsDeepPowerDownEnabled
                0x34182e6c       0x28 ./Drivers/STM32N6xx_HAL_Driver/stm32n6xx_hal_adc.o
 .text.LL_ADC_IsEnabled
                0x34182e94       0x26 ./Drivers/STM32N6xx_HAL_Driver/stm32n6xx_hal_adc.o
 .text.LL_ADC_REG_IsConversionOngoing
                0x34182eba       0x26 ./Drivers/STM32N6xx_HAL_Driver/stm32n6xx_hal_adc.o
 .text.LL_ADC_INJ_IsConversionOngoing
                0x34182ee0       0x26 ./Drivers/STM32N6xx_HAL_Driver/stm32n6xx_hal_adc.o
 .text.LL_ADC_ClearFlag_AWD1
                0x34182f06       0x1a ./Drivers/STM32N6xx_HAL_Driver/stm32n6xx_hal_adc.o
 .text.LL_ADC_ClearFlag_AWD2
                0x34182f20       0x1c ./Drivers/STM32N6xx_HAL_Driver/stm32n6xx_hal_adc.o
 .text.LL_ADC_ClearFlag_AWD3
                0x34182f3c       0x1c ./Drivers/STM32N6xx_HAL_Driver/stm32n6xx_hal_adc.o
 .text.LL_ADC_EnableIT_AWD1
                0x34182f58       0x20 ./Drivers/STM32N6xx_HAL_Driver/stm32n6xx_hal_adc.o
 .text.LL_ADC_EnableIT_AWD2
                0x34182f78       0x20 ./Drivers/STM32N6xx_HAL_Driver/stm32n6xx_hal_adc.o
 .text.LL_ADC_EnableIT_AWD3
                0x34182f98       0x20 ./Drivers/STM32N6xx_HAL_Driver/stm32n6xx_hal_adc.o
 .text.LL_ADC_DisableIT_AWD1
                0x34182fb8       0x20 ./Drivers/STM32N6xx_HAL_Driver/stm32n6xx_hal_adc.o
 .text.LL_ADC_DisableIT_AWD2
                0x34182fd8       0x20 ./Drivers/STM32N6xx_HAL_Driver/stm32n6xx_hal_adc.o
 .text.LL_ADC_DisableIT_AWD3
                0x34182ff8       0x20 ./Drivers/STM32N6xx_HAL_Driver/stm32n6xx_hal_adc.o
 .text.HAL_ADC_Init
                0x34183018      0x238 ./Drivers/STM32N6xx_HAL_Driver/stm32n6xx_hal_adc.o
                0x34183018                HAL_ADC_Init
 .text.HAL_ADC_ConfigChannel
                0x34183250      0x404 ./Drivers/STM32N6xx_HAL_Driver/stm32n6xx_hal_adc.o
                0x34183250                HAL_ADC_ConfigChannel
 .text.HAL_ADC_AnalogWDGConfig
                0x34183654      0x42c ./Drivers/STM32N6xx_HAL_Driver/stm32n6xx_hal_adc.o
                0x34183654                HAL_ADC_AnalogWDGConfig
 .text.LL_ADC_IsEnabled
                0x34183a80       0x26 ./Drivers/STM32N6xx_HAL_Driver/stm32n6xx_hal_adc_ex.o
 .text.LL_ADC_REG_IsConversionOngoing
                0x34183aa6       0x26 ./Drivers/STM32N6xx_HAL_Driver/stm32n6xx_hal_adc_ex.o
 .text.HAL_ADCEx_MultiModeConfigChannel
                0x34183acc      0x160 ./Drivers/STM32N6xx_HAL_Driver/stm32n6xx_hal_adc_ex.o
                0x34183acc                HAL_ADCEx_MultiModeConfigChannel
 .text.__NVIC_SetPriorityGrouping
                0x34183c2c       0x48 ./Drivers/STM32N6xx_HAL_Driver/stm32n6xx_hal_cortex.o
 .text.__NVIC_GetPriorityGrouping
                0x34183c74       0x1c ./Drivers/STM32N6xx_HAL_Driver/stm32n6xx_hal_cortex.o
 .text.__NVIC_EnableIRQ
                0x34183c90       0x3c ./Drivers/STM32N6xx_HAL_Driver/stm32n6xx_hal_cortex.o
 .text.__NVIC_SetPriority
                0x34183ccc       0x54 ./Drivers/STM32N6xx_HAL_Driver/stm32n6xx_hal_cortex.o
 .text.NVIC_EncodePriority
                0x34183d20       0x66 ./Drivers/STM32N6xx_HAL_Driver/stm32n6xx_hal_cortex.o
 *fill*         0x34183d86        0x2 
 .text.SysTick_Config
                0x34183d88       0x44 ./Drivers/STM32N6xx_HAL_Driver/stm32n6xx_hal_cortex.o
 .text.HAL_NVIC_SetPriorityGrouping
                0x34183dcc       0x16 ./Drivers/STM32N6xx_HAL_Driver/stm32n6xx_hal_cortex.o
                0x34183dcc                HAL_NVIC_SetPriorityGrouping
 .text.HAL_NVIC_SetPriority
                0x34183de2       0x3a ./Drivers/STM32N6xx_HAL_Driver/stm32n6xx_hal_cortex.o
                0x34183de2                HAL_NVIC_SetPriority
 .text.HAL_NVIC_EnableIRQ
                0x34183e1c       0x1c ./Drivers/STM32N6xx_HAL_Driver/stm32n6xx_hal_cortex.o
                0x34183e1c                HAL_NVIC_EnableIRQ
 .text.HAL_SYSTICK_Config
                0x34183e38       0x18 ./Drivers/STM32N6xx_HAL_Driver/stm32n6xx_hal_cortex.o
                0x34183e38                HAL_SYSTICK_Config
 .text.HAL_DMA_Abort_IT
                0x34183e50       0x52 ./Drivers/STM32N6xx_HAL_Driver/stm32n6xx_hal_dma.o
                0x34183e50                HAL_DMA_Abort_IT
 *fill*         0x34183ea2        0x2 
 .text.HAL_EXTI_ConfigLineAttributes
                0x34183ea4       0xc4 ./Drivers/STM32N6xx_HAL_Driver/stm32n6xx_hal_exti.o
                0x34183ea4                HAL_EXTI_ConfigLineAttributes
 .text.HAL_GPIO_Init
                0x34183f68      0x364 ./Drivers/STM32N6xx_HAL_Driver/stm32n6xx_hal_gpio.o
                0x34183f68                HAL_GPIO_Init
 .text.HAL_HCD_Init
                0x341842cc       0xba ./Drivers/STM32N6xx_HAL_Driver/stm32n6xx_hal_hcd.o
                0x341842cc                HAL_HCD_Init
 .text.HAL_I2C_Init
                0x34184386      0x136 ./Drivers/STM32N6xx_HAL_Driver/stm32n6xx_hal_i2c.o
                0x34184386                HAL_I2C_Init
 .text.HAL_I2CEx_ConfigAnalogFilter
                0x341844bc       0x96 ./Drivers/STM32N6xx_HAL_Driver/stm32n6xx_hal_i2c_ex.o
                0x341844bc                HAL_I2CEx_ConfigAnalogFilter
 .text.HAL_I2CEx_ConfigDigitalFilter
                0x34184552       0x98 ./Drivers/STM32N6xx_HAL_Driver/stm32n6xx_hal_i2c_ex.o
                0x34184552                HAL_I2CEx_ConfigDigitalFilter
 *fill*         0x341845ea        0x2 
 .text.HAL_ICACHE_ConfigAssociativityMode
                0x341845ec       0x40 ./Drivers/STM32N6xx_HAL_Driver/stm32n6xx_hal_icache.o
                0x341845ec                HAL_ICACHE_ConfigAssociativityMode
 .text.HAL_ICACHE_Enable
                0x3418462c       0x20 ./Drivers/STM32N6xx_HAL_Driver/stm32n6xx_hal_icache.o
                0x3418462c                HAL_ICACHE_Enable
 .text.HAL_MDF_Init
                0x3418464c      0x2b0 ./Drivers/STM32N6xx_HAL_Driver/stm32n6xx_hal_mdf.o
                0x3418464c                HAL_MDF_Init
 .text.MDF_GetHandleNumberFromInstance
                0x341848fc       0x88 ./Drivers/STM32N6xx_HAL_Driver/stm32n6xx_hal_mdf.o
 .text.HAL_PWREx_ConfigSupply
                0x34184984       0x50 ./Drivers/STM32N6xx_HAL_Driver/stm32n6xx_hal_pwr_ex.o
                0x34184984                HAL_PWREx_ConfigSupply
 .text.HAL_PWREx_EnableVddUSB
                0x341849d4       0x20 ./Drivers/STM32N6xx_HAL_Driver/stm32n6xx_hal_pwr_ex.o
                0x341849d4                HAL_PWREx_EnableVddUSB
 .text.HAL_PWREx_EnableVddIO2
                0x341849f4       0x20 ./Drivers/STM32N6xx_HAL_Driver/stm32n6xx_hal_pwr_ex.o
                0x341849f4                HAL_PWREx_EnableVddIO2
 .text.HAL_PWREx_EnableVddIO3
                0x34184a14       0x20 ./Drivers/STM32N6xx_HAL_Driver/stm32n6xx_hal_pwr_ex.o
                0x34184a14                HAL_PWREx_EnableVddIO3
 .text.HAL_PWREx_EnableVddIO4
                0x34184a34       0x20 ./Drivers/STM32N6xx_HAL_Driver/stm32n6xx_hal_pwr_ex.o
                0x34184a34                HAL_PWREx_EnableVddIO4
 .text.HAL_PWREx_EnableVddIO5
                0x34184a54       0x20 ./Drivers/STM32N6xx_HAL_Driver/stm32n6xx_hal_pwr_ex.o
                0x34184a54                HAL_PWREx_EnableVddIO5
 .text.LL_RCC_HSE_IsReady
                0x34184a74       0x24 ./Drivers/STM32N6xx_HAL_Driver/stm32n6xx_hal_rcc.o
 .text.LL_RCC_HSI_Enable
                0x34184a98       0x1c ./Drivers/STM32N6xx_HAL_Driver/stm32n6xx_hal_rcc.o
 .text.LL_RCC_HSI_Disable
                0x34184ab4       0x20 ./Drivers/STM32N6xx_HAL_Driver/stm32n6xx_hal_rcc.o
 .text.LL_RCC_HSI_IsReady
                0x34184ad4       0x24 ./Drivers/STM32N6xx_HAL_Driver/stm32n6xx_hal_rcc.o
 .text.LL_RCC_HSI_SetDivider
                0x34184af8       0x28 ./Drivers/STM32N6xx_HAL_Driver/stm32n6xx_hal_rcc.o
 .text.LL_RCC_HSI_GetDivider
                0x34184b20       0x1c ./Drivers/STM32N6xx_HAL_Driver/stm32n6xx_hal_rcc.o
 .text.LL_RCC_HSI_SetCalibTrimming
                0x34184b3c       0x2c ./Drivers/STM32N6xx_HAL_Driver/stm32n6xx_hal_rcc.o
 .text.LL_RCC_MSI_Enable
                0x34184b68       0x1c ./Drivers/STM32N6xx_HAL_Driver/stm32n6xx_hal_rcc.o
 .text.LL_RCC_MSI_Disable
                0x34184b84       0x20 ./Drivers/STM32N6xx_HAL_Driver/stm32n6xx_hal_rcc.o
 .text.LL_RCC_MSI_IsReady
                0x34184ba4       0x24 ./Drivers/STM32N6xx_HAL_Driver/stm32n6xx_hal_rcc.o
 .text.LL_RCC_MSI_SetFrequency
                0x34184bc8       0x28 ./Drivers/STM32N6xx_HAL_Driver/stm32n6xx_hal_rcc.o
 .text.LL_RCC_MSI_SetCalibTrimming
                0x34184bf0       0x2c ./Drivers/STM32N6xx_HAL_Driver/stm32n6xx_hal_rcc.o
 .text.LL_RCC_LSE_IsReady
                0x34184c1c       0x24 ./Drivers/STM32N6xx_HAL_Driver/stm32n6xx_hal_rcc.o
 .text.LL_RCC_LSI_Enable
                0x34184c40       0x1c ./Drivers/STM32N6xx_HAL_Driver/stm32n6xx_hal_rcc.o
 .text.LL_RCC_LSI_Disable
                0x34184c5c       0x20 ./Drivers/STM32N6xx_HAL_Driver/stm32n6xx_hal_rcc.o
 .text.LL_RCC_LSI_IsReady
                0x34184c7c       0x1c ./Drivers/STM32N6xx_HAL_Driver/stm32n6xx_hal_rcc.o
 .text.LL_RCC_GetCpuClkSource
                0x34184c98       0x1c ./Drivers/STM32N6xx_HAL_Driver/stm32n6xx_hal_rcc.o
 .text.LL_RCC_GetSysClkSource
                0x34184cb4       0x1c ./Drivers/STM32N6xx_HAL_Driver/stm32n6xx_hal_rcc.o
 .text.LL_RCC_PLL1_GetSource
                0x34184cd0       0x1c ./Drivers/STM32N6xx_HAL_Driver/stm32n6xx_hal_rcc.o
 .text.LL_RCC_PLL1_IsReady
                0x34184cec       0x28 ./Drivers/STM32N6xx_HAL_Driver/stm32n6xx_hal_rcc.o
 .text.LL_RCC_PLL1_IsEnabledBypass
                0x34184d14       0x28 ./Drivers/STM32N6xx_HAL_Driver/stm32n6xx_hal_rcc.o
 .text.LL_RCC_PLL2_GetSource
                0x34184d3c       0x1c ./Drivers/STM32N6xx_HAL_Driver/stm32n6xx_hal_rcc.o
 .text.LL_RCC_PLL2_IsReady
                0x34184d58       0x28 ./Drivers/STM32N6xx_HAL_Driver/stm32n6xx_hal_rcc.o
 .text.LL_RCC_PLL2_IsEnabledBypass
                0x34184d80       0x28 ./Drivers/STM32N6xx_HAL_Driver/stm32n6xx_hal_rcc.o
 .text.LL_RCC_PLL3_GetSource
                0x34184da8       0x1c ./Drivers/STM32N6xx_HAL_Driver/stm32n6xx_hal_rcc.o
 .text.LL_RCC_PLL3_IsReady
                0x34184dc4       0x28 ./Drivers/STM32N6xx_HAL_Driver/stm32n6xx_hal_rcc.o
 .text.LL_RCC_PLL3_IsEnabledBypass
                0x34184dec       0x28 ./Drivers/STM32N6xx_HAL_Driver/stm32n6xx_hal_rcc.o
 .text.LL_RCC_PLL4_GetSource
                0x34184e14       0x1c ./Drivers/STM32N6xx_HAL_Driver/stm32n6xx_hal_rcc.o
 .text.LL_RCC_PLL4_IsReady
                0x34184e30       0x28 ./Drivers/STM32N6xx_HAL_Driver/stm32n6xx_hal_rcc.o
 .text.LL_RCC_PLL4_IsEnabledBypass
                0x34184e58       0x28 ./Drivers/STM32N6xx_HAL_Driver/stm32n6xx_hal_rcc.o
 .text.LL_RCC_IC1_Enable
                0x34184e80       0x1c ./Drivers/STM32N6xx_HAL_Driver/stm32n6xx_hal_rcc.o
 .text.LL_RCC_IC1_GetSource
                0x34184e9c       0x1c ./Drivers/STM32N6xx_HAL_Driver/stm32n6xx_hal_rcc.o
 .text.LL_RCC_IC1_GetDivider
                0x34184eb8       0x20 ./Drivers/STM32N6xx_HAL_Driver/stm32n6xx_hal_rcc.o
 .text.LL_RCC_IC2_GetSource
                0x34184ed8       0x1c ./Drivers/STM32N6xx_HAL_Driver/stm32n6xx_hal_rcc.o
 .text.LL_RCC_IC2_GetDivider
                0x34184ef4       0x20 ./Drivers/STM32N6xx_HAL_Driver/stm32n6xx_hal_rcc.o
 .text.LL_RCC_IC6_GetSource
                0x34184f14       0x1c ./Drivers/STM32N6xx_HAL_Driver/stm32n6xx_hal_rcc.o
 .text.LL_RCC_IC11_GetSource
                0x34184f30       0x1c ./Drivers/STM32N6xx_HAL_Driver/stm32n6xx_hal_rcc.o
 .text.HAL_RCC_OscConfig
                0x34184f4c      0x7c0 ./Drivers/STM32N6xx_HAL_Driver/stm32n6xx_hal_rcc.o
                0x34184f4c                HAL_RCC_OscConfig
 .text.HAL_RCC_ClockConfig
                0x3418570c      0x408 ./Drivers/STM32N6xx_HAL_Driver/stm32n6xx_hal_rcc.o
                0x3418570c                HAL_RCC_ClockConfig
 .text.HAL_RCC_GetCpuClockFreq
                0x34185b14      0x100 ./Drivers/STM32N6xx_HAL_Driver/stm32n6xx_hal_rcc.o
                0x34185b14                HAL_RCC_GetCpuClockFreq
 .text.HAL_RCC_GetSysClockFreq
                0x34185c14       0x1e ./Drivers/STM32N6xx_HAL_Driver/stm32n6xx_hal_rcc.o
                0x34185c14                HAL_RCC_GetSysClockFreq
 *fill*         0x34185c32        0x2 
 .text.HAL_RCC_GetClockConfig
                0x34185c34       0xec ./Drivers/STM32N6xx_HAL_Driver/stm32n6xx_hal_rcc.o
                0x34185c34                HAL_RCC_GetClockConfig
 .text.RCC_GetSysClockFreq
                0x34185d20      0x104 ./Drivers/STM32N6xx_HAL_Driver/stm32n6xx_hal_rcc.o
 .text.RCC_PLL_Config
                0x34185e24      0x260 ./Drivers/STM32N6xx_HAL_Driver/stm32n6xx_hal_rcc.o
 .text.RCC_PLL_Enable
                0x34186084       0x58 ./Drivers/STM32N6xx_HAL_Driver/stm32n6xx_hal_rcc.o
 .text.RCC_PLL_IsNewConfig
                0x341860dc       0xf4 ./Drivers/STM32N6xx_HAL_Driver/stm32n6xx_hal_rcc.o
 .text.RCC_PLL_Source_IsReady
                0x341861d0       0x74 ./Drivers/STM32N6xx_HAL_Driver/stm32n6xx_hal_rcc.o
 .text.RCC_IC_CheckPLLSources
                0x34186244      0x170 ./Drivers/STM32N6xx_HAL_Driver/stm32n6xx_hal_rcc.o
 .text.LL_RCC_HSE_SelectHSEAsDiv2Clock
                0x341863b4       0x20 ./Drivers/STM32N6xx_HAL_Driver/stm32n6xx_hal_rcc_ex.o
 .text.LL_RCC_HSE_SelectHSEDiv2AsDiv2Clock
                0x341863d4       0x20 ./Drivers/STM32N6xx_HAL_Driver/stm32n6xx_hal_rcc_ex.o
 .text.LL_RCC_HSE_IsSelectedHSEDiv2AsDiv2Clock
                0x341863f4       0x24 ./Drivers/STM32N6xx_HAL_Driver/stm32n6xx_hal_rcc_ex.o
 .text.LL_RCC_HSE_IsReady
                0x34186418       0x24 ./Drivers/STM32N6xx_HAL_Driver/stm32n6xx_hal_rcc_ex.o
 .text.LL_RCC_HSI_IsReady
                0x3418643c       0x24 ./Drivers/STM32N6xx_HAL_Driver/stm32n6xx_hal_rcc_ex.o
 .text.LL_RCC_HSI_GetDivider
                0x34186460       0x1c ./Drivers/STM32N6xx_HAL_Driver/stm32n6xx_hal_rcc_ex.o
 .text.LL_RCC_MSI_IsReady
                0x3418647c       0x24 ./Drivers/STM32N6xx_HAL_Driver/stm32n6xx_hal_rcc_ex.o
 .text.LL_RCC_MSI_GetFrequency
                0x341864a0       0x1c ./Drivers/STM32N6xx_HAL_Driver/stm32n6xx_hal_rcc_ex.o
 .text.LL_RCC_LSE_IsReady
                0x341864bc       0x24 ./Drivers/STM32N6xx_HAL_Driver/stm32n6xx_hal_rcc_ex.o
 .text.LL_RCC_LSI_IsReady
                0x341864e0       0x1c ./Drivers/STM32N6xx_HAL_Driver/stm32n6xx_hal_rcc_ex.o
 .text.LL_RCC_GetAHBPrescaler
                0x341864fc       0x1c ./Drivers/STM32N6xx_HAL_Driver/stm32n6xx_hal_rcc_ex.o
 .text.LL_RCC_GetAPB1Prescaler
                0x34186518       0x1c ./Drivers/STM32N6xx_HAL_Driver/stm32n6xx_hal_rcc_ex.o
 .text.LL_RCC_GetAPB2Prescaler
                0x34186534       0x1c ./Drivers/STM32N6xx_HAL_Driver/stm32n6xx_hal_rcc_ex.o
 .text.LL_RCC_GetAPB4Prescaler
                0x34186550       0x1c ./Drivers/STM32N6xx_HAL_Driver/stm32n6xx_hal_rcc_ex.o
 .text.LL_RCC_GetAPB5Prescaler
                0x3418656c       0x1c ./Drivers/STM32N6xx_HAL_Driver/stm32n6xx_hal_rcc_ex.o
 .text.LL_RCC_SetClockSource
                0x34186588       0x54 ./Drivers/STM32N6xx_HAL_Driver/stm32n6xx_hal_rcc_ex.o
 .text.LL_RCC_GetADCPrescaler
                0x341865dc       0x1c ./Drivers/STM32N6xx_HAL_Driver/stm32n6xx_hal_rcc_ex.o
 .text.LL_RCC_SetADFClockSource
                0x341865f8       0x2c ./Drivers/STM32N6xx_HAL_Driver/stm32n6xx_hal_rcc_ex.o
 .text.LL_RCC_SetCLKPClockSource
                0x34186624       0x2c ./Drivers/STM32N6xx_HAL_Driver/stm32n6xx_hal_rcc_ex.o
 .text.LL_RCC_SetDCMIPPClockSource
                0x34186650       0x2c ./Drivers/STM32N6xx_HAL_Driver/stm32n6xx_hal_rcc_ex.o
 .text.LL_RCC_SetETHClockSource
                0x3418667c       0x2c ./Drivers/STM32N6xx_HAL_Driver/stm32n6xx_hal_rcc_ex.o
 .text.LL_RCC_SetETHPHYInterface
                0x341866a8       0x2c ./Drivers/STM32N6xx_HAL_Driver/stm32n6xx_hal_rcc_ex.o
 .text.LL_RCC_GetETH1PTPDivider
                0x341866d4       0x1c ./Drivers/STM32N6xx_HAL_Driver/stm32n6xx_hal_rcc_ex.o
 .text.LL_RCC_SetETHREFRXClockSource
                0x341866f0       0x2c ./Drivers/STM32N6xx_HAL_Driver/stm32n6xx_hal_rcc_ex.o
 .text.LL_RCC_SetETHREFTXClockSource
                0x3418671c       0x2c ./Drivers/STM32N6xx_HAL_Driver/stm32n6xx_hal_rcc_ex.o
 .text.LL_RCC_SetFDCANClockSource
                0x34186748       0x2c ./Drivers/STM32N6xx_HAL_Driver/stm32n6xx_hal_rcc_ex.o
 .text.LL_RCC_SetFMCClockSource
                0x34186774       0x2c ./Drivers/STM32N6xx_HAL_Driver/stm32n6xx_hal_rcc_ex.o
 .text.LL_RCC_SetI2CClockSource
                0x341867a0       0x16 ./Drivers/STM32N6xx_HAL_Driver/stm32n6xx_hal_rcc_ex.o
 .text.LL_RCC_SetI3CClockSource
                0x341867b6       0x16 ./Drivers/STM32N6xx_HAL_Driver/stm32n6xx_hal_rcc_ex.o
 .text.LL_RCC_SetLPTIMClockSource
                0x341867cc       0x16 ./Drivers/STM32N6xx_HAL_Driver/stm32n6xx_hal_rcc_ex.o
 *fill*         0x341867e2        0x2 
 .text.LL_RCC_SetLPUARTClockSource
                0x341867e4       0x2c ./Drivers/STM32N6xx_HAL_Driver/stm32n6xx_hal_rcc_ex.o
 .text.LL_RCC_SetLTDCClockSource
                0x34186810       0x2c ./Drivers/STM32N6xx_HAL_Driver/stm32n6xx_hal_rcc_ex.o
 .text.LL_RCC_SetMDFClockSource
                0x3418683c       0x2c ./Drivers/STM32N6xx_HAL_Driver/stm32n6xx_hal_rcc_ex.o
 .text.LL_RCC_SetOTGPHYClockSource
                0x34186868       0x16 ./Drivers/STM32N6xx_HAL_Driver/stm32n6xx_hal_rcc_ex.o
 .text.LL_RCC_SetOTGPHYCKREFClockSource
                0x3418687e       0x16 ./Drivers/STM32N6xx_HAL_Driver/stm32n6xx_hal_rcc_ex.o
 .text.LL_RCC_SetPSSIClockSource
                0x34186894       0x2c ./Drivers/STM32N6xx_HAL_Driver/stm32n6xx_hal_rcc_ex.o
 .text.LL_RCC_SetSAIClockSource
                0x341868c0       0x16 ./Drivers/STM32N6xx_HAL_Driver/stm32n6xx_hal_rcc_ex.o
 .text.LL_RCC_SetSDMMCClockSource
                0x341868d6       0x16 ./Drivers/STM32N6xx_HAL_Driver/stm32n6xx_hal_rcc_ex.o
 .text.LL_RCC_SetSPDIFRXClockSource
                0x341868ec       0x2c ./Drivers/STM32N6xx_HAL_Driver/stm32n6xx_hal_rcc_ex.o
 .text.LL_RCC_SetSPIClockSource
                0x34186918       0x16 ./Drivers/STM32N6xx_HAL_Driver/stm32n6xx_hal_rcc_ex.o
 .text.LL_RCC_SetUSARTClockSource
                0x3418692e       0x16 ./Drivers/STM32N6xx_HAL_Driver/stm32n6xx_hal_rcc_ex.o
 .text.LL_RCC_SetXSPIClockSource
                0x34186944       0x16 ./Drivers/STM32N6xx_HAL_Driver/stm32n6xx_hal_rcc_ex.o
 *fill*         0x3418695a        0x2 
 .text.LL_RCC_GetClockSource
                0x3418695c       0x4c ./Drivers/STM32N6xx_HAL_Driver/stm32n6xx_hal_rcc_ex.o
 .text.LL_RCC_GetADCClockSource
                0x341869a8       0x24 ./Drivers/STM32N6xx_HAL_Driver/stm32n6xx_hal_rcc_ex.o
 .text.LL_RCC_GetADFClockSource
                0x341869cc       0x24 ./Drivers/STM32N6xx_HAL_Driver/stm32n6xx_hal_rcc_ex.o
 .text.LL_RCC_GetCLKPClockSource
                0x341869f0       0x24 ./Drivers/STM32N6xx_HAL_Driver/stm32n6xx_hal_rcc_ex.o
 .text.LL_RCC_GetDCMIPPClockSource
                0x34186a14       0x24 ./Drivers/STM32N6xx_HAL_Driver/stm32n6xx_hal_rcc_ex.o
 .text.LL_RCC_GetETHClockSource
                0x34186a38       0x24 ./Drivers/STM32N6xx_HAL_Driver/stm32n6xx_hal_rcc_ex.o
 .text.LL_RCC_GetETHPTPClockSource
                0x34186a5c       0x24 ./Drivers/STM32N6xx_HAL_Driver/stm32n6xx_hal_rcc_ex.o
 .text.LL_RCC_GetFDCANClockSource
                0x34186a80       0x24 ./Drivers/STM32N6xx_HAL_Driver/stm32n6xx_hal_rcc_ex.o
 .text.LL_RCC_GetFMCClockSource
                0x34186aa4       0x24 ./Drivers/STM32N6xx_HAL_Driver/stm32n6xx_hal_rcc_ex.o
 .text.LL_RCC_GetI2CClockSource
                0x34186ac8       0x18 ./Drivers/STM32N6xx_HAL_Driver/stm32n6xx_hal_rcc_ex.o
 .text.LL_RCC_GetI3CClockSource
                0x34186ae0       0x18 ./Drivers/STM32N6xx_HAL_Driver/stm32n6xx_hal_rcc_ex.o
 .text.LL_RCC_GetLPTIMClockSource
                0x34186af8       0x18 ./Drivers/STM32N6xx_HAL_Driver/stm32n6xx_hal_rcc_ex.o
 .text.LL_RCC_GetLPUARTClockSource
                0x34186b10       0x24 ./Drivers/STM32N6xx_HAL_Driver/stm32n6xx_hal_rcc_ex.o
 .text.LL_RCC_GetLTDCClockSource
                0x34186b34       0x24 ./Drivers/STM32N6xx_HAL_Driver/stm32n6xx_hal_rcc_ex.o
 .text.LL_RCC_GetMDFClockSource
                0x34186b58       0x24 ./Drivers/STM32N6xx_HAL_Driver/stm32n6xx_hal_rcc_ex.o
 .text.LL_RCC_GetPSSIClockSource
                0x34186b7c       0x24 ./Drivers/STM32N6xx_HAL_Driver/stm32n6xx_hal_rcc_ex.o
 .text.LL_RCC_GetSAIClockSource
                0x34186ba0       0x18 ./Drivers/STM32N6xx_HAL_Driver/stm32n6xx_hal_rcc_ex.o
 .text.LL_RCC_GetSDMMCClockSource
                0x34186bb8       0x18 ./Drivers/STM32N6xx_HAL_Driver/stm32n6xx_hal_rcc_ex.o
 .text.LL_RCC_GetSPDIFRXClockSource
                0x34186bd0       0x24 ./Drivers/STM32N6xx_HAL_Driver/stm32n6xx_hal_rcc_ex.o
 .text.LL_RCC_GetSPIClockSource
                0x34186bf4       0x18 ./Drivers/STM32N6xx_HAL_Driver/stm32n6xx_hal_rcc_ex.o
 .text.LL_RCC_GetUSARTClockSource
                0x34186c0c       0x18 ./Drivers/STM32N6xx_HAL_Driver/stm32n6xx_hal_rcc_ex.o
 .text.LL_RCC_GetUARTClockSource
                0x34186c24       0x18 ./Drivers/STM32N6xx_HAL_Driver/stm32n6xx_hal_rcc_ex.o
 .text.LL_RCC_GetUSBClockSource
                0x34186c3c       0x18 ./Drivers/STM32N6xx_HAL_Driver/stm32n6xx_hal_rcc_ex.o
 .text.LL_RCC_GetXSPIClockSource
                0x34186c54       0x18 ./Drivers/STM32N6xx_HAL_Driver/stm32n6xx_hal_rcc_ex.o
 .text.LL_RCC_SetRTCClockSource
                0x34186c6c       0x2c ./Drivers/STM32N6xx_HAL_Driver/stm32n6xx_hal_rcc_ex.o
 .text.LL_RCC_GetRTCClockSource
                0x34186c98       0x1c ./Drivers/STM32N6xx_HAL_Driver/stm32n6xx_hal_rcc_ex.o
 .text.LL_RCC_SetRTC_HSEPrescaler
                0x34186cb4       0x2c ./Drivers/STM32N6xx_HAL_Driver/stm32n6xx_hal_rcc_ex.o
 .text.LL_RCC_SetTIMPrescaler
                0x34186ce0       0x2c ./Drivers/STM32N6xx_HAL_Driver/stm32n6xx_hal_rcc_ex.o
 .text.LL_RCC_GetTIMPrescaler
                0x34186d0c       0x1c ./Drivers/STM32N6xx_HAL_Driver/stm32n6xx_hal_rcc_ex.o
 .text.LL_RCC_PLL1_GetSource
                0x34186d28       0x1c ./Drivers/STM32N6xx_HAL_Driver/stm32n6xx_hal_rcc_ex.o
 .text.LL_RCC_PLL1_IsReady
                0x34186d44       0x28 ./Drivers/STM32N6xx_HAL_Driver/stm32n6xx_hal_rcc_ex.o
 .text.LL_RCC_PLL1_IsEnabledBypass
                0x34186d6c       0x28 ./Drivers/STM32N6xx_HAL_Driver/stm32n6xx_hal_rcc_ex.o
 .text.LL_RCC_PLL1_GetN
                0x34186d94       0x20 ./Drivers/STM32N6xx_HAL_Driver/stm32n6xx_hal_rcc_ex.o
 .text.LL_RCC_PLL1_GetM
                0x34186db4       0x20 ./Drivers/STM32N6xx_HAL_Driver/stm32n6xx_hal_rcc_ex.o
 .text.LL_RCC_PLL1_GetP1
                0x34186dd4       0x20 ./Drivers/STM32N6xx_HAL_Driver/stm32n6xx_hal_rcc_ex.o
 .text.LL_RCC_PLL1_GetP2
                0x34186df4       0x20 ./Drivers/STM32N6xx_HAL_Driver/stm32n6xx_hal_rcc_ex.o
 .text.LL_RCC_PLL1P_IsEnabled
                0x34186e14       0x28 ./Drivers/STM32N6xx_HAL_Driver/stm32n6xx_hal_rcc_ex.o
 .text.LL_RCC_PLL1_GetFRACN
                0x34186e3c       0x1c ./Drivers/STM32N6xx_HAL_Driver/stm32n6xx_hal_rcc_ex.o
 .text.LL_RCC_PLL2_GetSource
                0x34186e58       0x1c ./Drivers/STM32N6xx_HAL_Driver/stm32n6xx_hal_rcc_ex.o
 .text.LL_RCC_PLL2_IsReady
                0x34186e74       0x28 ./Drivers/STM32N6xx_HAL_Driver/stm32n6xx_hal_rcc_ex.o
 .text.LL_RCC_PLL2_IsEnabledBypass
                0x34186e9c       0x28 ./Drivers/STM32N6xx_HAL_Driver/stm32n6xx_hal_rcc_ex.o
 .text.LL_RCC_PLL2_GetN
                0x34186ec4       0x20 ./Drivers/STM32N6xx_HAL_Driver/stm32n6xx_hal_rcc_ex.o
 .text.LL_RCC_PLL2_GetM
                0x34186ee4       0x20 ./Drivers/STM32N6xx_HAL_Driver/stm32n6xx_hal_rcc_ex.o
 .text.LL_RCC_PLL2_GetP1
                0x34186f04       0x20 ./Drivers/STM32N6xx_HAL_Driver/stm32n6xx_hal_rcc_ex.o
 .text.LL_RCC_PLL2_GetP2
                0x34186f24       0x20 ./Drivers/STM32N6xx_HAL_Driver/stm32n6xx_hal_rcc_ex.o
 .text.LL_RCC_PLL2P_IsEnabled
                0x34186f44       0x28 ./Drivers/STM32N6xx_HAL_Driver/stm32n6xx_hal_rcc_ex.o
 .text.LL_RCC_PLL2_GetFRACN
                0x34186f6c       0x1c ./Drivers/STM32N6xx_HAL_Driver/stm32n6xx_hal_rcc_ex.o
 .text.LL_RCC_PLL3_GetSource
                0x34186f88       0x1c ./Drivers/STM32N6xx_HAL_Driver/stm32n6xx_hal_rcc_ex.o
 .text.LL_RCC_PLL3_IsReady
                0x34186fa4       0x28 ./Drivers/STM32N6xx_HAL_Driver/stm32n6xx_hal_rcc_ex.o
 .text.LL_RCC_PLL3_IsEnabledBypass
                0x34186fcc       0x28 ./Drivers/STM32N6xx_HAL_Driver/stm32n6xx_hal_rcc_ex.o
 .text.LL_RCC_PLL3_GetN
                0x34186ff4       0x20 ./Drivers/STM32N6xx_HAL_Driver/stm32n6xx_hal_rcc_ex.o
 .text.LL_RCC_PLL3_GetM
                0x34187014       0x20 ./Drivers/STM32N6xx_HAL_Driver/stm32n6xx_hal_rcc_ex.o
 .text.LL_RCC_PLL3_GetP1
                0x34187034       0x20 ./Drivers/STM32N6xx_HAL_Driver/stm32n6xx_hal_rcc_ex.o
 .text.LL_RCC_PLL3_GetP2
                0x34187054       0x20 ./Drivers/STM32N6xx_HAL_Driver/stm32n6xx_hal_rcc_ex.o
 .text.LL_RCC_PLL3P_IsEnabled
                0x34187074       0x28 ./Drivers/STM32N6xx_HAL_Driver/stm32n6xx_hal_rcc_ex.o
 .text.LL_RCC_PLL3_GetFRACN
                0x3418709c       0x1c ./Drivers/STM32N6xx_HAL_Driver/stm32n6xx_hal_rcc_ex.o
 .text.LL_RCC_PLL4_GetSource
                0x341870b8       0x1c ./Drivers/STM32N6xx_HAL_Driver/stm32n6xx_hal_rcc_ex.o
 .text.LL_RCC_PLL4_IsReady
                0x341870d4       0x28 ./Drivers/STM32N6xx_HAL_Driver/stm32n6xx_hal_rcc_ex.o
 .text.LL_RCC_PLL4_IsEnabledBypass
                0x341870fc       0x28 ./Drivers/STM32N6xx_HAL_Driver/stm32n6xx_hal_rcc_ex.o
 .text.LL_RCC_PLL4_GetN
                0x34187124       0x20 ./Drivers/STM32N6xx_HAL_Driver/stm32n6xx_hal_rcc_ex.o
 .text.LL_RCC_PLL4_GetM
                0x34187144       0x20 ./Drivers/STM32N6xx_HAL_Driver/stm32n6xx_hal_rcc_ex.o
 .text.LL_RCC_PLL4_GetP1
                0x34187164       0x20 ./Drivers/STM32N6xx_HAL_Driver/stm32n6xx_hal_rcc_ex.o
 .text.LL_RCC_PLL4_GetP2
                0x34187184       0x20 ./Drivers/STM32N6xx_HAL_Driver/stm32n6xx_hal_rcc_ex.o
 .text.LL_RCC_PLL4P_IsEnabled
                0x341871a4       0x28 ./Drivers/STM32N6xx_HAL_Driver/stm32n6xx_hal_rcc_ex.o
 .text.LL_RCC_PLL4_GetFRACN
                0x341871cc       0x1c ./Drivers/STM32N6xx_HAL_Driver/stm32n6xx_hal_rcc_ex.o
 .text.LL_RCC_IC3_Enable
                0x341871e8       0x1c ./Drivers/STM32N6xx_HAL_Driver/stm32n6xx_hal_rcc_ex.o
 .text.LL_RCC_IC3_IsEnabled
                0x34187204       0x28 ./Drivers/STM32N6xx_HAL_Driver/stm32n6xx_hal_rcc_ex.o
 .text.LL_RCC_IC3_GetSource
                0x3418722c       0x1c ./Drivers/STM32N6xx_HAL_Driver/stm32n6xx_hal_rcc_ex.o
 .text.LL_RCC_IC3_GetDivider
                0x34187248       0x20 ./Drivers/STM32N6xx_HAL_Driver/stm32n6xx_hal_rcc_ex.o
 .text.LL_RCC_IC4_Enable
                0x34187268       0x1c ./Drivers/STM32N6xx_HAL_Driver/stm32n6xx_hal_rcc_ex.o
 .text.LL_RCC_IC4_IsEnabled
                0x34187284       0x28 ./Drivers/STM32N6xx_HAL_Driver/stm32n6xx_hal_rcc_ex.o
 .text.LL_RCC_IC4_GetSource
                0x341872ac       0x1c ./Drivers/STM32N6xx_HAL_Driver/stm32n6xx_hal_rcc_ex.o
 .text.LL_RCC_IC4_GetDivider
                0x341872c8       0x20 ./Drivers/STM32N6xx_HAL_Driver/stm32n6xx_hal_rcc_ex.o
 .text.LL_RCC_IC5_Enable
                0x341872e8       0x1c ./Drivers/STM32N6xx_HAL_Driver/stm32n6xx_hal_rcc_ex.o
 .text.LL_RCC_IC5_IsEnabled
                0x34187304       0x28 ./Drivers/STM32N6xx_HAL_Driver/stm32n6xx_hal_rcc_ex.o
 .text.LL_RCC_IC5_GetSource
                0x3418732c       0x1c ./Drivers/STM32N6xx_HAL_Driver/stm32n6xx_hal_rcc_ex.o
 .text.LL_RCC_IC5_GetDivider
                0x34187348       0x20 ./Drivers/STM32N6xx_HAL_Driver/stm32n6xx_hal_rcc_ex.o
 .text.LL_RCC_IC7_Enable
                0x34187368       0x1c ./Drivers/STM32N6xx_HAL_Driver/stm32n6xx_hal_rcc_ex.o
 .text.LL_RCC_IC7_IsEnabled
                0x34187384       0x28 ./Drivers/STM32N6xx_HAL_Driver/stm32n6xx_hal_rcc_ex.o
 .text.LL_RCC_IC7_GetSource
                0x341873ac       0x1c ./Drivers/STM32N6xx_HAL_Driver/stm32n6xx_hal_rcc_ex.o
 .text.LL_RCC_IC7_GetDivider
                0x341873c8       0x20 ./Drivers/STM32N6xx_HAL_Driver/stm32n6xx_hal_rcc_ex.o
 .text.LL_RCC_IC8_Enable
                0x341873e8       0x1c ./Drivers/STM32N6xx_HAL_Driver/stm32n6xx_hal_rcc_ex.o
 .text.LL_RCC_IC8_IsEnabled
                0x34187404       0x28 ./Drivers/STM32N6xx_HAL_Driver/stm32n6xx_hal_rcc_ex.o
 .text.LL_RCC_IC8_GetSource
                0x3418742c       0x1c ./Drivers/STM32N6xx_HAL_Driver/stm32n6xx_hal_rcc_ex.o
 .text.LL_RCC_IC8_GetDivider
                0x34187448       0x20 ./Drivers/STM32N6xx_HAL_Driver/stm32n6xx_hal_rcc_ex.o
 .text.LL_RCC_IC9_Enable
                0x34187468       0x1c ./Drivers/STM32N6xx_HAL_Driver/stm32n6xx_hal_rcc_ex.o
 .text.LL_RCC_IC9_IsEnabled
                0x34187484       0x28 ./Drivers/STM32N6xx_HAL_Driver/stm32n6xx_hal_rcc_ex.o
 .text.LL_RCC_IC9_GetSource
                0x341874ac       0x1c ./Drivers/STM32N6xx_HAL_Driver/stm32n6xx_hal_rcc_ex.o
 .text.LL_RCC_IC9_GetDivider
                0x341874c8       0x20 ./Drivers/STM32N6xx_HAL_Driver/stm32n6xx_hal_rcc_ex.o
 .text.LL_RCC_IC10_Enable
                0x341874e8       0x1c ./Drivers/STM32N6xx_HAL_Driver/stm32n6xx_hal_rcc_ex.o
 .text.LL_RCC_IC10_IsEnabled
                0x34187504       0x28 ./Drivers/STM32N6xx_HAL_Driver/stm32n6xx_hal_rcc_ex.o
 .text.LL_RCC_IC10_GetSource
                0x3418752c       0x1c ./Drivers/STM32N6xx_HAL_Driver/stm32n6xx_hal_rcc_ex.o
 .text.LL_RCC_IC10_GetDivider
                0x34187548       0x20 ./Drivers/STM32N6xx_HAL_Driver/stm32n6xx_hal_rcc_ex.o
 .text.LL_RCC_IC12_Enable
                0x34187568       0x1c ./Drivers/STM32N6xx_HAL_Driver/stm32n6xx_hal_rcc_ex.o
 .text.LL_RCC_IC12_IsEnabled
                0x34187584       0x28 ./Drivers/STM32N6xx_HAL_Driver/stm32n6xx_hal_rcc_ex.o
 .text.LL_RCC_IC12_GetSource
                0x341875ac       0x1c ./Drivers/STM32N6xx_HAL_Driver/stm32n6xx_hal_rcc_ex.o
 .text.LL_RCC_IC12_GetDivider
                0x341875c8       0x20 ./Drivers/STM32N6xx_HAL_Driver/stm32n6xx_hal_rcc_ex.o
 .text.LL_RCC_IC13_Enable
                0x341875e8       0x1c ./Drivers/STM32N6xx_HAL_Driver/stm32n6xx_hal_rcc_ex.o
 .text.LL_RCC_IC13_IsEnabled
                0x34187604       0x28 ./Drivers/STM32N6xx_HAL_Driver/stm32n6xx_hal_rcc_ex.o
 .text.LL_RCC_IC13_GetSource
                0x3418762c       0x1c ./Drivers/STM32N6xx_HAL_Driver/stm32n6xx_hal_rcc_ex.o
 .text.LL_RCC_IC13_GetDivider
                0x34187648       0x20 ./Drivers/STM32N6xx_HAL_Driver/stm32n6xx_hal_rcc_ex.o
 .text.LL_RCC_IC14_Enable
                0x34187668       0x1c ./Drivers/STM32N6xx_HAL_Driver/stm32n6xx_hal_rcc_ex.o
 .text.LL_RCC_IC14_IsEnabled
                0x34187684       0x28 ./Drivers/STM32N6xx_HAL_Driver/stm32n6xx_hal_rcc_ex.o
 .text.LL_RCC_IC14_GetSource
                0x341876ac       0x1c ./Drivers/STM32N6xx_HAL_Driver/stm32n6xx_hal_rcc_ex.o
 .text.LL_RCC_IC14_GetDivider
                0x341876c8       0x20 ./Drivers/STM32N6xx_HAL_Driver/stm32n6xx_hal_rcc_ex.o
 .text.LL_RCC_IC15_Enable
                0x341876e8       0x1c ./Drivers/STM32N6xx_HAL_Driver/stm32n6xx_hal_rcc_ex.o
 .text.LL_RCC_IC15_IsEnabled
                0x34187704       0x28 ./Drivers/STM32N6xx_HAL_Driver/stm32n6xx_hal_rcc_ex.o
 .text.LL_RCC_IC15_GetSource
                0x3418772c       0x1c ./Drivers/STM32N6xx_HAL_Driver/stm32n6xx_hal_rcc_ex.o
 .text.LL_RCC_IC15_GetDivider
                0x34187748       0x20 ./Drivers/STM32N6xx_HAL_Driver/stm32n6xx_hal_rcc_ex.o
 .text.LL_RCC_IC16_Enable
                0x34187768       0x1c ./Drivers/STM32N6xx_HAL_Driver/stm32n6xx_hal_rcc_ex.o
 .text.LL_RCC_IC16_IsEnabled
                0x34187784       0x28 ./Drivers/STM32N6xx_HAL_Driver/stm32n6xx_hal_rcc_ex.o
 .text.LL_RCC_IC16_GetSource
                0x341877ac       0x1c ./Drivers/STM32N6xx_HAL_Driver/stm32n6xx_hal_rcc_ex.o
 .text.LL_RCC_IC16_GetDivider
                0x341877c8       0x20 ./Drivers/STM32N6xx_HAL_Driver/stm32n6xx_hal_rcc_ex.o
 .text.LL_RCC_IC17_Enable
                0x341877e8       0x1c ./Drivers/STM32N6xx_HAL_Driver/stm32n6xx_hal_rcc_ex.o
 .text.LL_RCC_IC17_IsEnabled
                0x34187804       0x28 ./Drivers/STM32N6xx_HAL_Driver/stm32n6xx_hal_rcc_ex.o
 .text.LL_RCC_IC17_GetSource
                0x3418782c       0x1c ./Drivers/STM32N6xx_HAL_Driver/stm32n6xx_hal_rcc_ex.o
 .text.LL_RCC_IC17_GetDivider
                0x34187848       0x20 ./Drivers/STM32N6xx_HAL_Driver/stm32n6xx_hal_rcc_ex.o
 .text.LL_RCC_IC18_Enable
                0x34187868       0x1c ./Drivers/STM32N6xx_HAL_Driver/stm32n6xx_hal_rcc_ex.o
 .text.LL_RCC_IC18_IsEnabled
                0x34187884       0x28 ./Drivers/STM32N6xx_HAL_Driver/stm32n6xx_hal_rcc_ex.o
 .text.LL_RCC_IC18_GetSource
                0x341878ac       0x1c ./Drivers/STM32N6xx_HAL_Driver/stm32n6xx_hal_rcc_ex.o
 .text.LL_RCC_IC18_GetDivider
                0x341878c8       0x20 ./Drivers/STM32N6xx_HAL_Driver/stm32n6xx_hal_rcc_ex.o
 .text.LL_RCC_IC19_Enable
                0x341878e8       0x1c ./Drivers/STM32N6xx_HAL_Driver/stm32n6xx_hal_rcc_ex.o
 .text.LL_RCC_IC19_IsEnabled
                0x34187904       0x28 ./Drivers/STM32N6xx_HAL_Driver/stm32n6xx_hal_rcc_ex.o
 .text.LL_RCC_IC19_GetSource
                0x3418792c       0x1c ./Drivers/STM32N6xx_HAL_Driver/stm32n6xx_hal_rcc_ex.o
 .text.LL_RCC_IC19_GetDivider
                0x34187948       0x20 ./Drivers/STM32N6xx_HAL_Driver/stm32n6xx_hal_rcc_ex.o
 .text.LL_RCC_IC20_Enable
                0x34187968       0x1c ./Drivers/STM32N6xx_HAL_Driver/stm32n6xx_hal_rcc_ex.o
 .text.LL_RCC_IC20_IsEnabled
                0x34187984       0x28 ./Drivers/STM32N6xx_HAL_Driver/stm32n6xx_hal_rcc_ex.o
 .text.LL_RCC_IC20_GetSource
                0x341879ac       0x1c ./Drivers/STM32N6xx_HAL_Driver/stm32n6xx_hal_rcc_ex.o
 .text.LL_RCC_IC20_GetDivider
                0x341879c8       0x20 ./Drivers/STM32N6xx_HAL_Driver/stm32n6xx_hal_rcc_ex.o
 .text.LL_RCC_CLKP_Enable
                0x341879e8       0x1c ./Drivers/STM32N6xx_HAL_Driver/stm32n6xx_hal_rcc_ex.o
 .text.LL_RCC_CLKP_IsEnabled
                0x34187a04       0x28 ./Drivers/STM32N6xx_HAL_Driver/stm32n6xx_hal_rcc_ex.o
 .text.HAL_RCCEx_PeriphCLKConfig
                0x34187a2c     0x25c8 ./Drivers/STM32N6xx_HAL_Driver/stm32n6xx_hal_rcc_ex.o
                0x34187a2c                HAL_RCCEx_PeriphCLKConfig
 .text.HAL_RCCEx_GetPeriphCLKFreq
                0x34189ff4      0x938 ./Drivers/STM32N6xx_HAL_Driver/stm32n6xx_hal_rcc_ex.o
                0x34189ff4                HAL_RCCEx_GetPeriphCLKFreq
 .text.HAL_RCCEx_GetPLL1CLKFreq
                0x3418a92c       0x8c ./Drivers/STM32N6xx_HAL_Driver/stm32n6xx_hal_rcc_ex.o
                0x3418a92c                HAL_RCCEx_GetPLL1CLKFreq
 .text.HAL_RCCEx_GetPLL2CLKFreq
                0x3418a9b8       0x8c ./Drivers/STM32N6xx_HAL_Driver/stm32n6xx_hal_rcc_ex.o
                0x3418a9b8                HAL_RCCEx_GetPLL2CLKFreq
 .text.HAL_RCCEx_GetPLL3CLKFreq
                0x3418aa44       0x8c ./Drivers/STM32N6xx_HAL_Driver/stm32n6xx_hal_rcc_ex.o
                0x3418aa44                HAL_RCCEx_GetPLL3CLKFreq
 .text.HAL_RCCEx_GetPLL4CLKFreq
                0x3418aad0       0x8c ./Drivers/STM32N6xx_HAL_Driver/stm32n6xx_hal_rcc_ex.o
                0x3418aad0                HAL_RCCEx_GetPLL4CLKFreq
 .text.RCCEx_GetHCLKFreq
                0x3418ab5c       0x22 ./Drivers/STM32N6xx_HAL_Driver/stm32n6xx_hal_rcc_ex.o
 .text.RCCEx_GetPCLK1Freq
                0x3418ab7e       0x20 ./Drivers/STM32N6xx_HAL_Driver/stm32n6xx_hal_rcc_ex.o
 .text.RCCEx_GetPCLK2Freq
                0x3418ab9e       0x22 ./Drivers/STM32N6xx_HAL_Driver/stm32n6xx_hal_rcc_ex.o
 .text.RCCEx_GetPCLK4Freq
                0x3418abc0       0x22 ./Drivers/STM32N6xx_HAL_Driver/stm32n6xx_hal_rcc_ex.o
 .text.RCCEx_GetPCLK5Freq
                0x3418abe2       0x22 ./Drivers/STM32N6xx_HAL_Driver/stm32n6xx_hal_rcc_ex.o
 .text.RCCEx_GetPLLSourceFreq
                0x3418ac04       0xbc ./Drivers/STM32N6xx_HAL_Driver/stm32n6xx_hal_rcc_ex.o
 .text.RCCEx_CalcPLLFreq
                0x3418acc0       0x98 ./Drivers/STM32N6xx_HAL_Driver/stm32n6xx_hal_rcc_ex.o
 .text.RCCEx_GetADCCLKFreq
                0x3418ad58      0x204 ./Drivers/STM32N6xx_HAL_Driver/stm32n6xx_hal_rcc_ex.o
 .text.RCCEx_GetADFCLKFreq
                0x3418af5c      0x1d8 ./Drivers/STM32N6xx_HAL_Driver/stm32n6xx_hal_rcc_ex.o
 .text.RCCEx_GetCLKPCLKFreq
                0x3418b134      0x36c ./Drivers/STM32N6xx_HAL_Driver/stm32n6xx_hal_rcc_ex.o
 .text.RCCEx_GetCSICLKFreq
                0x3418b4a0       0x98 ./Drivers/STM32N6xx_HAL_Driver/stm32n6xx_hal_rcc_ex.o
 .text.RCCEx_GetDCMIPPCLKFreq
                0x3418b538      0x114 ./Drivers/STM32N6xx_HAL_Driver/stm32n6xx_hal_rcc_ex.o
 .text.RCCEx_GetETH1CLKFreq
                0x3418b64c      0x100 ./Drivers/STM32N6xx_HAL_Driver/stm32n6xx_hal_rcc_ex.o
 .text.RCCEx_GetETH1PTPCLKFreq
                0x3418b74c      0x108 ./Drivers/STM32N6xx_HAL_Driver/stm32n6xx_hal_rcc_ex.o
 .text.RCCEx_GetFDCANCLKFreq
                0x3418b854      0x100 ./Drivers/STM32N6xx_HAL_Driver/stm32n6xx_hal_rcc_ex.o
 .text.RCCEx_GetFMCCLKFreq
                0x3418b954      0x16e ./Drivers/STM32N6xx_HAL_Driver/stm32n6xx_hal_rcc_ex.o
 *fill*         0x3418bac2        0x2 
 .text.RCCEx_GetI2CCLKFreq
                0x3418bac4      0x350 ./Drivers/STM32N6xx_HAL_Driver/stm32n6xx_hal_rcc_ex.o
 .text.RCCEx_GetI3CCLKFreq
                0x3418be14      0x268 ./Drivers/STM32N6xx_HAL_Driver/stm32n6xx_hal_rcc_ex.o
 .text.RCCEx_GetLPTIMCLKFreq
                0x3418c07c      0x354 ./Drivers/STM32N6xx_HAL_Driver/stm32n6xx_hal_rcc_ex.o
 .text.RCCEx_GetLPUARTCLKFreq
                0x3418c3d0      0x204 ./Drivers/STM32N6xx_HAL_Driver/stm32n6xx_hal_rcc_ex.o
 .text.RCCEx_GetLTDCCLKFreq
                0x3418c5d4      0x114 ./Drivers/STM32N6xx_HAL_Driver/stm32n6xx_hal_rcc_ex.o
 .text.RCCEx_GetMDFCLKFreq
                0x3418c6e8      0x214 ./Drivers/STM32N6xx_HAL_Driver/stm32n6xx_hal_rcc_ex.o
 .text.RCCEx_GetPSSICLKFreq
                0x3418c8fc      0x104 ./Drivers/STM32N6xx_HAL_Driver/stm32n6xx_hal_rcc_ex.o
 .text.RCCEx_GetRTCCLKFreq
                0x3418ca00       0xa4 ./Drivers/STM32N6xx_HAL_Driver/stm32n6xx_hal_rcc_ex.o
 .text.RCCEx_GetSAICLKFreq
                0x3418caa4      0x2cc ./Drivers/STM32N6xx_HAL_Driver/stm32n6xx_hal_rcc_ex.o
 .text.RCCEx_GetSDMMCCLKFreq
                0x3418cd70      0x1d4 ./Drivers/STM32N6xx_HAL_Driver/stm32n6xx_hal_rcc_ex.o
 .text.RCCEx_GetSPDIFRXCLKFreq
                0x3418cf44      0x1c8 ./Drivers/STM32N6xx_HAL_Driver/stm32n6xx_hal_rcc_ex.o
 .text.RCCEx_GetSPICLKFreq
                0x3418d10c      0x5a4 ./Drivers/STM32N6xx_HAL_Driver/stm32n6xx_hal_rcc_ex.o
 .text.RCCEx_GetUARTCLKFreq
                0x3418d6b0      0x454 ./Drivers/STM32N6xx_HAL_Driver/stm32n6xx_hal_rcc_ex.o
 .text.RCCEx_GetUSARTCLKFreq
                0x3418db04      0x454 ./Drivers/STM32N6xx_HAL_Driver/stm32n6xx_hal_rcc_ex.o
 .text.RCCEx_GetOTGPHYCLKFreq
                0x3418df58      0x16c ./Drivers/STM32N6xx_HAL_Driver/stm32n6xx_hal_rcc_ex.o
 .text.RCCEx_GetOTGPHYCKREFCLKFreq
                0x3418e0c4       0xa0 ./Drivers/STM32N6xx_HAL_Driver/stm32n6xx_hal_rcc_ex.o
 .text.RCCEx_GetXSPICLKFreq
                0x3418e164      0x220 ./Drivers/STM32N6xx_HAL_Driver/stm32n6xx_hal_rcc_ex.o
 .text.HAL_SAI_Init
                0x3418e384      0x3e8 ./Drivers/STM32N6xx_HAL_Driver/stm32n6xx_hal_sai.o
                0x3418e384                HAL_SAI_Init
 .text.SAI_Disable
                0x3418e76c       0x74 ./Drivers/STM32N6xx_HAL_Driver/stm32n6xx_hal_sai.o
 .text.HAL_SD_Init
                0x3418e7e0      0x106 ./Drivers/STM32N6xx_HAL_Driver/stm32n6xx_hal_sd.o
                0x3418e7e0                HAL_SD_Init
 *fill*         0x3418e8e6        0x2 
 .text.HAL_SD_InitCard
                0x3418e8e8      0x168 ./Drivers/STM32N6xx_HAL_Driver/stm32n6xx_hal_sd.o
                0x3418e8e8                HAL_SD_InitCard
 .text.HAL_SD_GetCardCSD
                0x3418ea50      0x348 ./Drivers/STM32N6xx_HAL_Driver/stm32n6xx_hal_sd.o
                0x3418ea50                HAL_SD_GetCardCSD
 .text.HAL_SD_GetCardStatus
                0x3418ed98      0x17c ./Drivers/STM32N6xx_HAL_Driver/stm32n6xx_hal_sd.o
                0x3418ed98                HAL_SD_GetCardStatus
 .text.HAL_SD_ConfigWideBusOperation
                0x3418ef14      0x244 ./Drivers/STM32N6xx_HAL_Driver/stm32n6xx_hal_sd.o
                0x3418ef14                HAL_SD_ConfigWideBusOperation
 .text.HAL_SD_GetCardState
                0x3418f158       0x40 ./Drivers/STM32N6xx_HAL_Driver/stm32n6xx_hal_sd.o
                0x3418f158                HAL_SD_GetCardState
 .text.SD_InitCard
                0x3418f198      0x19c ./Drivers/STM32N6xx_HAL_Driver/stm32n6xx_hal_sd.o
 .text.SD_PowerON
                0x3418f334      0x11c ./Drivers/STM32N6xx_HAL_Driver/stm32n6xx_hal_sd.o
 .text.SD_SendSDStatus
                0x3418f450      0x1a0 ./Drivers/STM32N6xx_HAL_Driver/stm32n6xx_hal_sd.o
 .text.SD_SendStatus
                0x3418f5f0       0x50 ./Drivers/STM32N6xx_HAL_Driver/stm32n6xx_hal_sd.o
 .text.SD_WideBus_Enable
                0x3418f640       0x96 ./Drivers/STM32N6xx_HAL_Driver/stm32n6xx_hal_sd.o
 .text.SD_WideBus_Disable
                0x3418f6d6       0x96 ./Drivers/STM32N6xx_HAL_Driver/stm32n6xx_hal_sd.o
 .text.SD_FindSCR
                0x3418f76c      0x1a0 ./Drivers/STM32N6xx_HAL_Driver/stm32n6xx_hal_sd.o
 .text.HAL_UART_Init
                0x3418f90c       0xa0 ./Drivers/STM32N6xx_HAL_Driver/stm32n6xx_hal_uart.o
                0x3418f90c                HAL_UART_Init
 .text.UART_SetConfig
                0x3418f9ac      0x3d8 ./Drivers/STM32N6xx_HAL_Driver/stm32n6xx_hal_uart.o
                0x3418f9ac                UART_SetConfig
 .text.UART_AdvFeatureConfig
                0x3418fd84      0x144 ./Drivers/STM32N6xx_HAL_Driver/stm32n6xx_hal_uart.o
                0x3418fd84                UART_AdvFeatureConfig
 .text.UART_CheckIdleState
                0x3418fec8      0x154 ./Drivers/STM32N6xx_HAL_Driver/stm32n6xx_hal_uart.o
                0x3418fec8                UART_CheckIdleState
 .text.UART_WaitOnFlagUntilTimeout
                0x3419001c       0xda ./Drivers/STM32N6xx_HAL_Driver/stm32n6xx_hal_uart.o
                0x3419001c                UART_WaitOnFlagUntilTimeout
 .text.UART_EndRxTransfer
                0x341900f6       0xcc ./Drivers/STM32N6xx_HAL_Driver/stm32n6xx_hal_uart.o
 .text.HAL_UARTEx_DisableFifoMode
                0x341901c2       0x72 ./Drivers/STM32N6xx_HAL_Driver/stm32n6xx_hal_uart_ex.o
                0x341901c2                HAL_UARTEx_DisableFifoMode
 .text.HAL_UARTEx_SetTxFifoThreshold
                0x34190234       0x7c ./Drivers/STM32N6xx_HAL_Driver/stm32n6xx_hal_uart_ex.o
                0x34190234                HAL_UARTEx_SetTxFifoThreshold
 .text.HAL_UARTEx_SetRxFifoThreshold
                0x341902b0       0x7c ./Drivers/STM32N6xx_HAL_Driver/stm32n6xx_hal_uart_ex.o
                0x341902b0                HAL_UARTEx_SetRxFifoThreshold
 .text.UARTEx_SetNbDataToProcess
                0x3419032c       0x9c ./Drivers/STM32N6xx_HAL_Driver/stm32n6xx_hal_uart_ex.o
 .text.LL_AHB5_GRP1_IsEnabledClock
                0x341903c8       0x30 ./Drivers/STM32N6xx_HAL_Driver/stm32n6xx_hal_xspi.o
 .text.HAL_XSPI_Init
                0x341903f8      0x220 ./Drivers/STM32N6xx_HAL_Driver/stm32n6xx_hal_xspi.o
                0x341903f8                HAL_XSPI_Init
 .text.HAL_XSPI_IRQHandler
                0x34190618      0x2a8 ./Drivers/STM32N6xx_HAL_Driver/stm32n6xx_hal_xspi.o
                0x34190618                HAL_XSPI_IRQHandler
 .text.HAL_XSPI_ErrorCallback
                0x341908c0       0x14 ./Drivers/STM32N6xx_HAL_Driver/stm32n6xx_hal_xspi.o
                0x341908c0                HAL_XSPI_ErrorCallback
 .text.HAL_XSPI_AbortCpltCallback
                0x341908d4       0x14 ./Drivers/STM32N6xx_HAL_Driver/stm32n6xx_hal_xspi.o
                0x341908d4                HAL_XSPI_AbortCpltCallback
 .text.HAL_XSPI_FifoThresholdCallback
                0x341908e8       0x14 ./Drivers/STM32N6xx_HAL_Driver/stm32n6xx_hal_xspi.o
                0x341908e8                HAL_XSPI_FifoThresholdCallback
 .text.HAL_XSPI_CmdCpltCallback
                0x341908fc       0x14 ./Drivers/STM32N6xx_HAL_Driver/stm32n6xx_hal_xspi.o
                0x341908fc                HAL_XSPI_CmdCpltCallback
 .text.HAL_XSPI_RxCpltCallback
                0x34190910       0x14 ./Drivers/STM32N6xx_HAL_Driver/stm32n6xx_hal_xspi.o
                0x34190910                HAL_XSPI_RxCpltCallback
 .text.HAL_XSPI_TxCpltCallback
                0x34190924       0x14 ./Drivers/STM32N6xx_HAL_Driver/stm32n6xx_hal_xspi.o
                0x34190924                HAL_XSPI_TxCpltCallback
 .text.HAL_XSPI_StatusMatchCallback
                0x34190938       0x14 ./Drivers/STM32N6xx_HAL_Driver/stm32n6xx_hal_xspi.o
                0x34190938                HAL_XSPI_StatusMatchCallback
 .text.HAL_XSPI_TimeOutCallback
                0x3419094c       0x14 ./Drivers/STM32N6xx_HAL_Driver/stm32n6xx_hal_xspi.o
                0x3419094c                HAL_XSPI_TimeOutCallback
 .text.HAL_XSPI_SetTimeout
                0x34190960       0x1e ./Drivers/STM32N6xx_HAL_Driver/stm32n6xx_hal_xspi.o
                0x34190960                HAL_XSPI_SetTimeout
 *fill*         0x3419097e        0x2 
 .text.HAL_XSPIM_Config
                0x34190980      0x258 ./Drivers/STM32N6xx_HAL_Driver/stm32n6xx_hal_xspi.o
                0x34190980                HAL_XSPIM_Config
 .text.XSPI_DMAAbortCplt
                0x34190bd8       0x78 ./Drivers/STM32N6xx_HAL_Driver/stm32n6xx_hal_xspi.o
 .text.XSPI_WaitFlagStateUntilTimeout
                0x34190c50       0x6c ./Drivers/STM32N6xx_HAL_Driver/stm32n6xx_hal_xspi.o
 .text.XSPIM_GetConfig
                0x34190cbc       0xc8 ./Drivers/STM32N6xx_HAL_Driver/stm32n6xx_hal_xspi.o
 .text.SDMMC_Init
                0x34190d84       0x54 ./Drivers/STM32N6xx_HAL_Driver/stm32n6xx_ll_sdmmc.o
                0x34190d84                SDMMC_Init
 .text.SDMMC_ReadFIFO
                0x34190dd8       0x1a ./Drivers/STM32N6xx_HAL_Driver/stm32n6xx_ll_sdmmc.o
                0x34190dd8                SDMMC_ReadFIFO
 .text.SDMMC_PowerState_ON
                0x34190df2       0x22 ./Drivers/STM32N6xx_HAL_Driver/stm32n6xx_ll_sdmmc.o
                0x34190df2                SDMMC_PowerState_ON
 .text.SDMMC_GetPowerState
                0x34190e14       0x1c ./Drivers/STM32N6xx_HAL_Driver/stm32n6xx_ll_sdmmc.o
                0x34190e14                SDMMC_GetPowerState
 .text.SDMMC_SendCommand
                0x34190e30       0x54 ./Drivers/STM32N6xx_HAL_Driver/stm32n6xx_ll_sdmmc.o
                0x34190e30                SDMMC_SendCommand
 .text.SDMMC_GetCommandResponse
                0x34190e84       0x1a ./Drivers/STM32N6xx_HAL_Driver/stm32n6xx_ll_sdmmc.o
                0x34190e84                SDMMC_GetCommandResponse
 .text.SDMMC_GetResponse
                0x34190e9e       0x26 ./Drivers/STM32N6xx_HAL_Driver/stm32n6xx_ll_sdmmc.o
                0x34190e9e                SDMMC_GetResponse
 .text.SDMMC_ConfigData
                0x34190ec4       0x58 ./Drivers/STM32N6xx_HAL_Driver/stm32n6xx_ll_sdmmc.o
                0x34190ec4                SDMMC_ConfigData
 .text.SDMMC_CmdBlockLength
                0x34190f1c       0x46 ./Drivers/STM32N6xx_HAL_Driver/stm32n6xx_ll_sdmmc.o
                0x34190f1c                SDMMC_CmdBlockLength
 .text.SDMMC_CmdSelDesel
                0x34190f62       0x46 ./Drivers/STM32N6xx_HAL_Driver/stm32n6xx_ll_sdmmc.o
                0x34190f62                SDMMC_CmdSelDesel
 .text.SDMMC_CmdGoIdleState
                0x34190fa8       0x3c ./Drivers/STM32N6xx_HAL_Driver/stm32n6xx_ll_sdmmc.o
                0x34190fa8                SDMMC_CmdGoIdleState
 .text.SDMMC_CmdOperCond
                0x34190fe4       0x40 ./Drivers/STM32N6xx_HAL_Driver/stm32n6xx_ll_sdmmc.o
                0x34190fe4                SDMMC_CmdOperCond
 .text.SDMMC_CmdAppCommand
                0x34191024       0x46 ./Drivers/STM32N6xx_HAL_Driver/stm32n6xx_ll_sdmmc.o
                0x34191024                SDMMC_CmdAppCommand
 .text.SDMMC_CmdAppOperCommand
                0x3419106a       0x40 ./Drivers/STM32N6xx_HAL_Driver/stm32n6xx_ll_sdmmc.o
                0x3419106a                SDMMC_CmdAppOperCommand
 .text.SDMMC_CmdBusWidth
                0x341910aa       0x46 ./Drivers/STM32N6xx_HAL_Driver/stm32n6xx_ll_sdmmc.o
                0x341910aa                SDMMC_CmdBusWidth
 .text.SDMMC_CmdSendSCR
                0x341910f0       0x44 ./Drivers/STM32N6xx_HAL_Driver/stm32n6xx_ll_sdmmc.o
                0x341910f0                SDMMC_CmdSendSCR
 .text.SDMMC_CmdSendCID
                0x34191134       0x3e ./Drivers/STM32N6xx_HAL_Driver/stm32n6xx_ll_sdmmc.o
                0x34191134                SDMMC_CmdSendCID
 .text.SDMMC_CmdSendCSD
                0x34191172       0x40 ./Drivers/STM32N6xx_HAL_Driver/stm32n6xx_ll_sdmmc.o
                0x34191172                SDMMC_CmdSendCSD
 .text.SDMMC_CmdSetRelAdd
                0x341911b2       0x44 ./Drivers/STM32N6xx_HAL_Driver/stm32n6xx_ll_sdmmc.o
                0x341911b2                SDMMC_CmdSetRelAdd
 .text.SDMMC_CmdSendStatus
                0x341911f6       0x46 ./Drivers/STM32N6xx_HAL_Driver/stm32n6xx_ll_sdmmc.o
                0x341911f6                SDMMC_CmdSendStatus
 .text.SDMMC_CmdStatusRegister
                0x3419123c       0x44 ./Drivers/STM32N6xx_HAL_Driver/stm32n6xx_ll_sdmmc.o
                0x3419123c                SDMMC_CmdStatusRegister
 .text.SDMMC_GetCmdResp1
                0x34191280      0x1e4 ./Drivers/STM32N6xx_HAL_Driver/stm32n6xx_ll_sdmmc.o
                0x34191280                SDMMC_GetCmdResp1
 .text.SDMMC_GetCmdResp2
                0x34191464       0x94 ./Drivers/STM32N6xx_HAL_Driver/stm32n6xx_ll_sdmmc.o
                0x34191464                SDMMC_GetCmdResp2
 .text.SDMMC_GetCmdResp3
                0x341914f8       0x80 ./Drivers/STM32N6xx_HAL_Driver/stm32n6xx_ll_sdmmc.o
                0x341914f8                SDMMC_GetCmdResp3
 .text.SDMMC_GetCmdResp6
                0x34191578       0xf0 ./Drivers/STM32N6xx_HAL_Driver/stm32n6xx_ll_sdmmc.o
                0x34191578                SDMMC_GetCmdResp6
 .text.SDMMC_GetCmdResp7
                0x34191668       0x9c ./Drivers/STM32N6xx_HAL_Driver/stm32n6xx_ll_sdmmc.o
                0x34191668                SDMMC_GetCmdResp7
 .text.SDMMC_GetCmdError
                0x34191704       0x5c ./Drivers/STM32N6xx_HAL_Driver/stm32n6xx_ll_sdmmc.o
 .text.USB_CoreInit
                0x34191760       0x70 ./Drivers/STM32N6xx_HAL_Driver/stm32n6xx_ll_usb.o
                0x34191760                USB_CoreInit
 .text.USB_DisableGlobalInt
                0x341917d0       0x22 ./Drivers/STM32N6xx_HAL_Driver/stm32n6xx_ll_usb.o
                0x341917d0                USB_DisableGlobalInt
 .text.USB_SetCurrentMode
                0x341917f2       0x98 ./Drivers/STM32N6xx_HAL_Driver/stm32n6xx_ll_usb.o
                0x341917f2                USB_SetCurrentMode
 .text.USB_FlushTxFifo
                0x3419188a       0x64 ./Drivers/STM32N6xx_HAL_Driver/stm32n6xx_ll_usb.o
                0x3419188a                USB_FlushTxFifo
 .text.USB_FlushRxFifo
                0x341918ee       0x5c ./Drivers/STM32N6xx_HAL_Driver/stm32n6xx_ll_usb.o
                0x341918ee                USB_FlushRxFifo
 .text.USB_GetMode
                0x3419194a       0x1c ./Drivers/STM32N6xx_HAL_Driver/stm32n6xx_ll_usb.o
                0x3419194a                USB_GetMode
 .text.USB_CoreReset
                0x34191966       0x70 ./Drivers/STM32N6xx_HAL_Driver/stm32n6xx_ll_usb.o
 *fill*         0x341919d6        0x2 
 .text.USB_HostInit
                0x341919d8      0x16c ./Drivers/STM32N6xx_HAL_Driver/stm32n6xx_ll_usb.o
                0x341919d8                USB_HostInit
 .text.memset   0x34191b44       0x10 C:/ST/STM32CubeIDE_1.19.0/STM32CubeIDE/plugins/com.st.stm32cube.ide.mcu.externaltools.gnu-tools-for-stm32.13.3.rel1.win32_1.0.0.202411081344/tools/bin/../lib/gcc/arm-none-eabi/13.3.1/../../../../arm-none-eabi/lib/thumb/v8-m.main+dp/hard\libc_nano.a(libc_a-memset.o)
                0x34191b44                memset
 .text.__libc_init_array
                0x34191b54       0x48 C:/ST/STM32CubeIDE_1.19.0/STM32CubeIDE/plugins/com.st.stm32cube.ide.mcu.externaltools.gnu-tools-for-stm32.13.3.rel1.win32_1.0.0.202411081344/tools/bin/../lib/gcc/arm-none-eabi/13.3.1/../../../../arm-none-eabi/lib/thumb/v8-m.main+dp/hard\libc_nano.a(libc_a-init.o)
                0x34191b54                __libc_init_array
 *(.glue_7)
 .glue_7        0x34191b9c        0x0 linker stubs
 *(.glue_7t)
 .glue_7t       0x34191b9c        0x0 linker stubs
 *(.eh_frame)
 .eh_frame      0x34191b9c        0x0 C:/ST/STM32CubeIDE_1.19.0/STM32CubeIDE/plugins/com.st.stm32cube.ide.mcu.externaltools.gnu-tools-for-stm32.13.3.rel1.win32_1.0.0.202411081344/tools/bin/../lib/gcc/arm-none-eabi/13.3.1/thumb/v8-m.main+dp/hard/crtbegin.o
 *(.RamFunc)
 *(.RamFunc*)
 *(.init)
 .init          0x34191b9c        0x4 C:/ST/STM32CubeIDE_1.19.0/STM32CubeIDE/plugins/com.st.stm32cube.ide.mcu.externaltools.gnu-tools-for-stm32.13.3.rel1.win32_1.0.0.202411081344/tools/bin/../lib/gcc/arm-none-eabi/13.3.1/thumb/v8-m.main+dp/hard/crti.o
                0x34191b9c                _init
 .init          0x34191ba0        0x8 C:/ST/STM32CubeIDE_1.19.0/STM32CubeIDE/plugins/com.st.stm32cube.ide.mcu.externaltools.gnu-tools-for-stm32.13.3.rel1.win32_1.0.0.202411081344/tools/bin/../lib/gcc/arm-none-eabi/13.3.1/thumb/v8-m.main+dp/hard/crtn.o
 *(.fini)
 .fini          0x34191ba8        0x4 C:/ST/STM32CubeIDE_1.19.0/STM32CubeIDE/plugins/com.st.stm32cube.ide.mcu.externaltools.gnu-tools-for-stm32.13.3.rel1.win32_1.0.0.202411081344/tools/bin/../lib/gcc/arm-none-eabi/13.3.1/thumb/v8-m.main+dp/hard/crti.o
                0x34191ba8                _fini
 .fini          0x34191bac        0x8 C:/ST/STM32CubeIDE_1.19.0/STM32CubeIDE/plugins/com.st.stm32cube.ide.mcu.externaltools.gnu-tools-for-stm32.13.3.rel1.win32_1.0.0.202411081344/tools/bin/../lib/gcc/arm-none-eabi/13.3.1/thumb/v8-m.main+dp/hard/crtn.o
                0x34191bb4                        . = ALIGN (0x4)
                0x34191bb4                        _etext = .

.vfp11_veneer   0x34191bb4        0x0
 .vfp11_veneer  0x34191bb4        0x0 linker stubs

.v4_bx          0x34191bb4        0x0
 .v4_bx         0x34191bb4        0x0 linker stubs

.iplt           0x34191bb4        0x0
 .iplt          0x34191bb4        0x0 C:/ST/STM32CubeIDE_1.19.0/STM32CubeIDE/plugins/com.st.stm32cube.ide.mcu.externaltools.gnu-tools-for-stm32.13.3.rel1.win32_1.0.0.202411081344/tools/bin/../lib/gcc/arm-none-eabi/13.3.1/thumb/v8-m.main+dp/hard/crtbegin.o

.rodata         0x34191bb4       0xa0
                0x34191bb4                        . = ALIGN (0x4)
 *(.rodata)
 *(.rodata*)
 .rodata.ADC_CHANNEL_LUT
                0x34191bb4       0x50 ./Drivers/STM32N6xx_HAL_Driver/stm32n6xx_hal_adc.o
 .rodata.ADC_CHANNEL_DIFF_LUT
                0x34191c04       0x28 ./Drivers/STM32N6xx_HAL_Driver/stm32n6xx_hal_adc.o
 .rodata.UARTPrescTable
                0x34191c2c       0x18 ./Drivers/STM32N6xx_HAL_Driver/stm32n6xx_hal_uart.o
                0x34191c2c                UARTPrescTable
 .rodata.numerator.1
                0x34191c44        0x8 ./Drivers/STM32N6xx_HAL_Driver/stm32n6xx_hal_uart_ex.o
 .rodata.denominator.0
                0x34191c4c        0x8 ./Drivers/STM32N6xx_HAL_Driver/stm32n6xx_hal_uart_ex.o
                0x34191c54                        . = ALIGN (0x4)

.ARM.extab      0x34191c54        0x0
                0x34191c54                        . = ALIGN (0x4)
 *(.ARM.extab* .gnu.linkonce.armextab.*)
                0x34191c54                        . = ALIGN (0x4)

.ARM            0x34191c54        0x8
                0x34191c54                        . = ALIGN (0x4)
                0x34191c54                        __exidx_start = .
 *(.ARM.exidx*)
 .ARM.exidx     0x34191c54        0x8 C:/ST/STM32CubeIDE_1.19.0/STM32CubeIDE/plugins/com.st.stm32cube.ide.mcu.externaltools.gnu-tools-for-stm32.13.3.rel1.win32_1.0.0.202411081344/tools/bin/../lib/gcc/arm-none-eabi/13.3.1/thumb/v8-m.main+dp/hard\libgcc.a(_udivmoddi4.o)
                0x34191c5c                        __exidx_end = .
                0x34191c5c                        . = ALIGN (0x4)

.preinit_array  0x34191c5c        0x0
                0x34191c5c                        . = ALIGN (0x4)
                0x34191c5c                        PROVIDE (__preinit_array_start = .)
 *(.preinit_array*)
                0x34191c5c                        PROVIDE (__preinit_array_end = .)
                0x34191c5c                        . = ALIGN (0x4)

.init_array     0x34191c5c        0x4
                0x34191c5c                        . = ALIGN (0x4)
                0x34191c5c                        PROVIDE (__init_array_start = .)
 *(SORT_BY_NAME(.init_array.*))
 *(.init_array*)
 .init_array    0x34191c5c        0x4 C:/ST/STM32CubeIDE_1.19.0/STM32CubeIDE/plugins/com.st.stm32cube.ide.mcu.externaltools.gnu-tools-for-stm32.13.3.rel1.win32_1.0.0.202411081344/tools/bin/../lib/gcc/arm-none-eabi/13.3.1/thumb/v8-m.main+dp/hard/crtbegin.o
                0x34191c60                        PROVIDE (__init_array_end = .)
                0x34191c60                        . = ALIGN (0x4)

.fini_array     0x34191c60        0x4
                0x34191c60                        . = ALIGN (0x4)
                [!provide]                        PROVIDE (__fini_array_start = .)
 *(SORT_BY_NAME(.fini_array.*))
 *(.fini_array*)
 .fini_array    0x34191c60        0x4 C:/ST/STM32CubeIDE_1.19.0/STM32CubeIDE/plugins/com.st.stm32cube.ide.mcu.externaltools.gnu-tools-for-stm32.13.3.rel1.win32_1.0.0.202411081344/tools/bin/../lib/gcc/arm-none-eabi/13.3.1/thumb/v8-m.main+dp/hard/crtbegin.o
                [!provide]                        PROVIDE (__fini_array_end = .)
                0x34191c64                        . = ALIGN (0x4)
                0x34191c64                        _sidata = LOADADDR (.data)

.rel.dyn        0x34191c64        0x0
 .rel.iplt      0x34191c64        0x0 C:/ST/STM32CubeIDE_1.19.0/STM32CubeIDE/plugins/com.st.stm32cube.ide.mcu.externaltools.gnu-tools-for-stm32.13.3.rel1.win32_1.0.0.202411081344/tools/bin/../lib/gcc/arm-none-eabi/13.3.1/thumb/v8-m.main+dp/hard/crtbegin.o

.data           0x341c0000        0xc load address 0x34191c64
                0x341c0000                        . = ALIGN (0x4)
                0x341c0000                        _sdata = .
 *(.data)
 *(.data*)
 .data.SystemCoreClock
                0x341c0000        0x4 ./Core/Src/system_stm32n6xx_fsbl.o
                0x341c0000                SystemCoreClock
 .data.uwTickPrio
                0x341c0004        0x4 ./Drivers/STM32N6xx_HAL_Driver/stm32n6xx_hal.o
                0x341c0004                uwTickPrio
 .data.uwTickFreq
                0x341c0008        0x1 ./Drivers/STM32N6xx_HAL_Driver/stm32n6xx_hal.o
                0x341c0008                uwTickFreq
                0x341c000c                        . = ALIGN (0x4)
 *fill*         0x341c0009        0x3 
                0x341c000c                        _edata = .

.igot.plt       0x341c000c        0x0 load address 0x34191c70
 .igot.plt      0x341c000c        0x0 C:/ST/STM32CubeIDE_1.19.0/STM32CubeIDE/plugins/com.st.stm32cube.ide.mcu.externaltools.gnu-tools-for-stm32.13.3.rel1.win32_1.0.0.202411081344/tools/bin/../lib/gcc/arm-none-eabi/13.3.1/thumb/v8-m.main+dp/hard/crtbegin.o

.noncacheable   0x341c000c        0x4 load address 0x34191c70
                0x341c0010                        . = ALIGN (0x8)
 *fill*         0x341c000c        0x4 
                0x341c0010                        __snoncacheable = .
 *(.noncacheable)
                0x341c0010                        . = ALIGN (0x8)
                0x341c0010                        __enoncacheable = .

.gnu.sgstubs    0x34191c80       0x20
                0x34191c80                        . = ALIGN (0x4)
 *(.gnu.sgstubs*)
                0x34191c80                        . = ALIGN (0x4)
 .gnu.sgstubs.__stub
                0x34191c80        0x8 linker stubs
                0x34191c80                SECURE_SystemCoreClockUpdate
                0x34191c88                        . = ALIGN (0x4)

.bss            0x341c0010      0x93c
                0x341c0010                        _sbss = .
                0x341c0010                        __bss_start__ = _sbss
 *(.bss)
 .bss           0x341c0010       0x1c C:/ST/STM32CubeIDE_1.19.0/STM32CubeIDE/plugins/com.st.stm32cube.ide.mcu.externaltools.gnu-tools-for-stm32.13.3.rel1.win32_1.0.0.202411081344/tools/bin/../lib/gcc/arm-none-eabi/13.3.1/thumb/v8-m.main+dp/hard/crtbegin.o
 *(.bss*)
 .bss.hadc1     0x341c002c       0x60 ./Core/Src/main.o
                0x341c002c                hadc1
 .bss.hi2c1     0x341c008c       0x54 ./Core/Src/main.o
                0x341c008c                hi2c1
 .bss.hi2c2     0x341c00e0       0x54 ./Core/Src/main.o
                0x341c00e0                hi2c2
 .bss.MdfHandle0
                0x341c0134       0x44 ./Core/Src/main.o
                0x341c0134                MdfHandle0
 .bss.MdfFilterConfig0
                0x341c0178       0x7c ./Core/Src/main.o
                0x341c0178                MdfFilterConfig0
 .bss.hsai_BlockA1
                0x341c01f4       0x98 ./Core/Src/main.o
                0x341c01f4                hsai_BlockA1
 .bss.hsai_BlockB1
                0x341c028c       0x98 ./Core/Src/main.o
                0x341c028c                hsai_BlockB1
 .bss.hsd2      0x341c0324       0x7c ./Core/Src/main.o
                0x341c0324                hsd2
 .bss.huart1    0x341c03a0       0x94 ./Core/Src/main.o
                0x341c03a0                huart1
 .bss.hhcd_USB_OTG_HS2
                0x341c0434      0x420 ./Core/Src/main.o
                0x341c0434                hhcd_USB_OTG_HS2
 .bss.hxspi1    0x341c0854       0x64 ./Core/Src/main.o
                0x341c0854                hxspi1
 .bss.hxspi2    0x341c08b8       0x64 ./Core/Src/main.o
                0x341c08b8                hxspi2
 .bss.HAL_RCC_XSPIM_CLK_ENABLED
                0x341c091c        0x4 ./Core/Src/stm32n6xx_hal_msp.o
 .bss.SAI1_client
                0x341c0920        0x4 ./Core/Src/stm32n6xx_hal_msp.o
 .bss.uwTick    0x341c0924        0x4 ./Drivers/STM32N6xx_HAL_Driver/stm32n6xx_hal.o
                0x341c0924                uwTick
 .bss.v_mdf1InstanceCounter
                0x341c0928        0x4 ./Drivers/STM32N6xx_HAL_Driver/stm32n6xx_hal_mdf.o
 .bss.v_adf1InstanceCounter
                0x341c092c        0x4 ./Drivers/STM32N6xx_HAL_Driver/stm32n6xx_hal_mdf.o
 .bss.a_mdfHandle
                0x341c0930       0x1c ./Drivers/STM32N6xx_HAL_Driver/stm32n6xx_hal_mdf.o
 *(COMMON)
                0x341c094c                        . = ALIGN (0x4)
                0x341c094c                        _ebss = .
                0x341c094c                        __bss_end__ = _ebss

._user_heap_stack
                0x341c094c      0xa04
                0x341c0950                        . = ALIGN (0x8)
 *fill*         0x341c094c        0x4 
                [!provide]                        PROVIDE (end = .)
                0x341c0950                        PROVIDE (_end = .)
                0x341c0b50                        . = (. + _Min_Heap_Size)
 *fill*         0x341c0950      0x200 
                0x341c1350                        . = (. + _Min_Stack_Size)
 *fill*         0x341c0b50      0x800 
                0x341c1350                        . = ALIGN (0x8)

/DISCARD/
 libc.a(*)
 libm.a(*)
 libgcc.a(*)

.ARM.attributes
                0x00000000       0x3a
 *(.ARM.attributes)
 .ARM.attributes
                0x00000000       0x24 C:/ST/STM32CubeIDE_1.19.0/STM32CubeIDE/plugins/com.st.stm32cube.ide.mcu.externaltools.gnu-tools-for-stm32.13.3.rel1.win32_1.0.0.202411081344/tools/bin/../lib/gcc/arm-none-eabi/13.3.1/thumb/v8-m.main+dp/hard/crti.o
 .ARM.attributes
                0x00000024       0x36 C:/ST/STM32CubeIDE_1.19.0/STM32CubeIDE/plugins/com.st.stm32cube.ide.mcu.externaltools.gnu-tools-for-stm32.13.3.rel1.win32_1.0.0.202411081344/tools/bin/../lib/gcc/arm-none-eabi/13.3.1/thumb/v8-m.main+dp/hard/crtbegin.o
 .ARM.attributes
                0x0000005a       0x3e ./Core/Src/main.o
 .ARM.attributes
                0x00000098       0x3e ./Core/Src/stm32n6xx_hal_msp.o
 .ARM.attributes
                0x000000d6       0x3e ./Core/Src/stm32n6xx_it.o
 .ARM.attributes
                0x00000114       0x3e ./Core/Src/system_stm32n6xx_fsbl.o
 .ARM.attributes
                0x00000152       0x22 ./Core/Startup/startup_stm32n657x0hxq_fsbl.o
 .ARM.attributes
                0x00000174       0x3e ./Drivers/STM32N6xx_HAL_Driver/stm32n6xx_hal.o
 .ARM.attributes
                0x000001b2       0x3e ./Drivers/STM32N6xx_HAL_Driver/stm32n6xx_hal_adc.o
 .ARM.attributes
                0x000001f0       0x3e ./Drivers/STM32N6xx_HAL_Driver/stm32n6xx_hal_adc_ex.o
 .ARM.attributes
                0x0000022e       0x3e ./Drivers/STM32N6xx_HAL_Driver/stm32n6xx_hal_cortex.o
 .ARM.attributes
                0x0000026c       0x3e ./Drivers/STM32N6xx_HAL_Driver/stm32n6xx_hal_dma.o
 .ARM.attributes