../../Drivers/STM32N6xx_HAL_Driver/Inc/stm32n6xx_ll_bus.h:1407:22:LL_AHB4_GRP1_EnableClock	1
../../Drivers/STM32N6xx_HAL_Driver/Inc/stm32n6xx_ll_bus.h:2739:22:LL_APB1_GRP2_EnableClock	1
../Core/Src/main.c:97:5:main	1
../Core/Src/main.c:157:6:SystemClock_Config	8
../Core/Src/main.c:252:6:PeriphCommonClock_Config	2
../Core/Src/main.c:271:13:MX_ADC1_Init	5
../Core/Src/main.c:348:13:MX_I2C1_Init	4
../Core/Src/main.c:396:13:MX_I2C2_Init	4
../Core/Src/main.c:444:13:MX_ICACHE_Init	3
../Core/Src/main.c:476:13:MX_MDF1_Init	2
../Core/Src/main.c:533:13:MX_SAI1_Init	3
../Core/Src/main.c:605:13:MX_SDMMC2_SD_Init	2
../Core/Src/main.c:636:13:MX_UCPD1_Init	1
../Core/Src/main.c:660:13:MX_USART1_UART_Init	5
../Core/Src/main.c:708:13:MX_USB1_OTG_HS_USB_Init	1
../Core/Src/main.c:729:13:MX_USB2_OTG_HS_HCD_Init	2
../Core/Src/main.c:764:13:MX_XSPI1_Init	3
../Core/Src/main.c:815:13:MX_XSPI2_Init	3
../Core/Src/main.c:866:13:MX_GPIO_Init	1
../Core/Src/main.c:961:6:Error_Handler	1
